Archive member included to satisfy reference by file (symbol)

C:/ST/STM32CubeIDE_1.19.0/STM32CubeIDE/plugins/com.st.stm32cube.ide.mcu.externaltools.gnu-tools-for-stm32.13.3.rel1.win32_1.0.0.202411081344/tools/bin/../lib/gcc/arm-none-eabi/13.3.1/../../../../arm-none-eabi/lib/thumb/v7e-m+fp/hard\libc_nano.a(libc_a-exit.o)
                              C:/ST/STM32CubeIDE_1.19.0/STM32CubeIDE/plugins/com.st.stm32cube.ide.mcu.externaltools.gnu-tools-for-stm32.13.3.rel1.win32_1.0.0.202411081344/tools/bin/../lib/gcc/arm-none-eabi/13.3.1/../../../../arm-none-eabi/lib/thumb/v7e-m+fp/hard/crt0.o (exit)
C:/ST/STM32CubeIDE_1.19.0/STM32CubeIDE/plugins/com.st.stm32cube.ide.mcu.externaltools.gnu-tools-for-stm32.13.3.rel1.win32_1.0.0.202411081344/tools/bin/../lib/gcc/arm-none-eabi/13.3.1/../../../../arm-none-eabi/lib/thumb/v7e-m+fp/hard\libc_nano.a(libc_a-findfp.o)
                              C:/ST/STM32CubeIDE_1.19.0/STM32CubeIDE/plugins/com.st.stm32cube.ide.mcu.externaltools.gnu-tools-for-stm32.13.3.rel1.win32_1.0.0.202411081344/tools/bin/../lib/gcc/arm-none-eabi/13.3.1/../../../../arm-none-eabi/lib/thumb/v7e-m+fp/hard\libc_nano.a(libc_a-exit.o) (__stdio_exit_handler)
C:/ST/STM32CubeIDE_1.19.0/STM32CubeIDE/plugins/com.st.stm32cube.ide.mcu.externaltools.gnu-tools-for-stm32.13.3.rel1.win32_1.0.0.202411081344/tools/bin/../lib/gcc/arm-none-eabi/13.3.1/../../../../arm-none-eabi/lib/thumb/v7e-m+fp/hard\libc_nano.a(libc_a-fwalk.o)
                              C:/ST/STM32CubeIDE_1.19.0/STM32CubeIDE/plugins/com.st.stm32cube.ide.mcu.externaltools.gnu-tools-for-stm32.13.3.rel1.win32_1.0.0.202411081344/tools/bin/../lib/gcc/arm-none-eabi/13.3.1/../../../../arm-none-eabi/lib/thumb/v7e-m+fp/hard\libc_nano.a(libc_a-findfp.o) (_fwalk_sglue)
C:/ST/STM32CubeIDE_1.19.0/STM32CubeIDE/plugins/com.st.stm32cube.ide.mcu.externaltools.gnu-tools-for-stm32.13.3.rel1.win32_1.0.0.202411081344/tools/bin/../lib/gcc/arm-none-eabi/13.3.1/../../../../arm-none-eabi/lib/thumb/v7e-m+fp/hard\libc_nano.a(libc_a-stdio.o)
                              C:/ST/STM32CubeIDE_1.19.0/STM32CubeIDE/plugins/com.st.stm32cube.ide.mcu.externaltools.gnu-tools-for-stm32.13.3.rel1.win32_1.0.0.202411081344/tools/bin/../lib/gcc/arm-none-eabi/13.3.1/../../../../arm-none-eabi/lib/thumb/v7e-m+fp/hard\libc_nano.a(libc_a-findfp.o) (__sread)
C:/ST/STM32CubeIDE_1.19.0/STM32CubeIDE/plugins/com.st.stm32cube.ide.mcu.externaltools.gnu-tools-for-stm32.13.3.rel1.win32_1.0.0.202411081344/tools/bin/../lib/gcc/arm-none-eabi/13.3.1/../../../../arm-none-eabi/lib/thumb/v7e-m+fp/hard\libc_nano.a(libc_a-memset.o)
                              C:/ST/STM32CubeIDE_1.19.0/STM32CubeIDE/plugins/com.st.stm32cube.ide.mcu.externaltools.gnu-tools-for-stm32.13.3.rel1.win32_1.0.0.202411081344/tools/bin/../lib/gcc/arm-none-eabi/13.3.1/../../../../arm-none-eabi/lib/thumb/v7e-m+fp/hard/crt0.o (memset)
C:/ST/STM32CubeIDE_1.19.0/STM32CubeIDE/plugins/com.st.stm32cube.ide.mcu.externaltools.gnu-tools-for-stm32.13.3.rel1.win32_1.0.0.202411081344/tools/bin/../lib/gcc/arm-none-eabi/13.3.1/../../../../arm-none-eabi/lib/thumb/v7e-m+fp/hard\libc_nano.a(libc_a-closer.o)
                              C:/ST/STM32CubeIDE_1.19.0/STM32CubeIDE/plugins/com.st.stm32cube.ide.mcu.externaltools.gnu-tools-for-stm32.13.3.rel1.win32_1.0.0.202411081344/tools/bin/../lib/gcc/arm-none-eabi/13.3.1/../../../../arm-none-eabi/lib/thumb/v7e-m+fp/hard\libc_nano.a(libc_a-stdio.o) (_close_r)
C:/ST/STM32CubeIDE_1.19.0/STM32CubeIDE/plugins/com.st.stm32cube.ide.mcu.externaltools.gnu-tools-for-stm32.13.3.rel1.win32_1.0.0.202411081344/tools/bin/../lib/gcc/arm-none-eabi/13.3.1/../../../../arm-none-eabi/lib/thumb/v7e-m+fp/hard\libc_nano.a(libc_a-reent.o)
                              C:/ST/STM32CubeIDE_1.19.0/STM32CubeIDE/plugins/com.st.stm32cube.ide.mcu.externaltools.gnu-tools-for-stm32.13.3.rel1.win32_1.0.0.202411081344/tools/bin/../lib/gcc/arm-none-eabi/13.3.1/../../../../arm-none-eabi/lib/thumb/v7e-m+fp/hard\libc_nano.a(libc_a-closer.o) (errno)
C:/ST/STM32CubeIDE_1.19.0/STM32CubeIDE/plugins/com.st.stm32cube.ide.mcu.externaltools.gnu-tools-for-stm32.13.3.rel1.win32_1.0.0.202411081344/tools/bin/../lib/gcc/arm-none-eabi/13.3.1/../../../../arm-none-eabi/lib/thumb/v7e-m+fp/hard\libc_nano.a(libc_a-impure.o)
                              C:/ST/STM32CubeIDE_1.19.0/STM32CubeIDE/plugins/com.st.stm32cube.ide.mcu.externaltools.gnu-tools-for-stm32.13.3.rel1.win32_1.0.0.202411081344/tools/bin/../lib/gcc/arm-none-eabi/13.3.1/../../../../arm-none-eabi/lib/thumb/v7e-m+fp/hard\libc_nano.a(libc_a-reent.o) (_impure_ptr)
C:/ST/STM32CubeIDE_1.19.0/STM32CubeIDE/plugins/com.st.stm32cube.ide.mcu.externaltools.gnu-tools-for-stm32.13.3.rel1.win32_1.0.0.202411081344/tools/bin/../lib/gcc/arm-none-eabi/13.3.1/../../../../arm-none-eabi/lib/thumb/v7e-m+fp/hard\libc_nano.a(libc_a-lseekr.o)
[...]
Memory Configuration

Name             Origin             Length             Attributes
RAM              0x20000000         0x00008000         xrw
RAM2             0x10000000         0x00002000         xrw
FLASH            0x08000000         0x00020000         xr
*default*        0x00000000         0xffffffff

Linker script and memory map

LOAD C:/ST/STM32CubeIDE_1.19.0/STM32CubeIDE/plugins/com.st.stm32cube.ide.mcu.externaltools.gnu-tools-for-stm32.13.3.rel1.win32_1.0.0.202411081344/tools/bin/../lib/gcc/arm-none-eabi/13.3.1/thumb/v7e-m+fp/hard/crti.o
LOAD C:/ST/STM32CubeIDE_1.19.0/STM32CubeIDE/plugins/com.st.stm32cube.ide.mcu.externaltools.gnu-tools-for-stm32.13.3.rel1.win32_1.0.0.202411081344/tools/bin/../lib/gcc/arm-none-eabi/13.3.1/thumb/v7e-m+fp/hard/crtbegin.o
LOAD C:/ST/STM32CubeIDE_1.19.0/STM32CubeIDE/plugins/com.st.stm32cube.ide.mcu.externaltools.gnu-tools-for-stm32.13.3.rel1.win32_1.0.0.202411081344/tools/bin/../lib/gcc/arm-none-eabi/13.3.1/../../../../arm-none-eabi/lib/thumb/v7e-m+fp/hard/crt0.o
LOAD ./Core/Src/24LC16B.o
LOAD ./Core/Src/Config.o
LOAD ./Core/Src/Ext_IO.o
LOAD ./Core/Src/Fan.o
LOAD ./Core/Src/Mesaure.o
LOAD ./Core/Src/Parameter.o
LOAD ./Core/Src/Process.o
LOAD ./Core/Src/Uart.o
LOAD ./Core/Src/main.o
LOAD ./Core/Src/stm32l4xx_hal_msp.o
LOAD ./Core/Src/stm32l4xx_it.o
LOAD ./Core/Src/syscalls.o
LOAD ./Core/Src/sysmem.o
LOAD ./Core/Src/system_stm32l4xx.o
LOAD ./Core/Startup/startup_stm32l412kbux.o
LOAD ./Drivers/STM32L4xx_HAL_Driver/Src/stm32l4xx_hal.o
LOAD ./Drivers/STM32L4xx_HAL_Driver/Src/stm32l4xx_hal_adc.o
LOAD ./Drivers/STM32L4xx_HAL_Driver/Src/stm32l4xx_hal_adc_ex.o
LOAD ./Drivers/STM32L4xx_HAL_Driver/Src/stm32l4xx_hal_cortex.o
LOAD ./Drivers/STM32L4xx_HAL_Driver/Src/stm32l4xx_hal_dma.o
LOAD ./Drivers/STM32L4xx_HAL_Driver/Src/stm32l4xx_hal_dma_ex.o
LOAD ./Drivers/STM32L4xx_HAL_Driver/Src/stm32l4xx_hal_exti.o
LOAD ./Drivers/STM32L4xx_HAL_Driver/Src/stm32l4xx_hal_flash.o
LOAD ./Drivers/STM32L4xx_HAL_Driver/Src/stm32l4xx_hal_flash_ex.o
LOAD ./Drivers/STM32L4xx_HAL_Driver/Src/stm32l4xx_hal_gpio.o
LOAD ./Drivers/STM32L4xx_HAL_Driver/Src/stm32l4xx_hal_i2c.o
LOAD ./Drivers/STM32L4xx_HAL_Driver/Src/stm32l4xx_hal_i2c_ex.o
LOAD ./Drivers/STM32L4xx_HAL_Driver/Src/stm32l4xx_hal_pwr.o
LOAD ./Drivers/STM32L4xx_HAL_Driver/Src/stm32l4xx_hal_pwr_ex.o
LOAD ./Drivers/STM32L4xx_HAL_Driver/Src/stm32l4xx_hal_rcc.o
LOAD ./Drivers/STM32L4xx_HAL_Driver/Src/stm32l4xx_hal_rcc_ex.o
LOAD ./Drivers/STM32L4xx_HAL_Driver/Src/stm32l4xx_hal_tim.o
LOAD ./Drivers/STM32L4xx_HAL_Driver/Src/stm32l4xx_hal_tim_ex.o
LOAD ./Drivers/STM32L4xx_HAL_Driver/Src/stm32l4xx_hal_uart.o
LOAD ./Drivers/STM32L4xx_HAL_Driver/Src/stm32l4xx_hal_uart_ex.o
START GROUP
LOAD C:/ST/STM32CubeIDE_1.19.0/STM32CubeIDE/plugins/com.st.stm32cube.ide.mcu.externaltools.gnu-tools-for-stm32.13.3.rel1.win32_1.0.0.202411081344/tools/bin/../lib/gcc/arm-none-eabi/13.3.1/../../../../arm-none-eabi/lib/thumb/v7e-m+fp/hard\libc_nano.a
LOAD C:/ST/STM32CubeIDE_1.19.0/STM32CubeIDE/plugins/com.st.stm32cube.ide.mcu.externaltools.gnu-tools-for-stm32.13.3.rel1.win32_1.0.0.202411081344/tools/bin/../lib/gcc/arm-none-eabi/13.3.1/../../../../arm-none-eabi/lib/thumb/v7e-m+fp/hard\libm.a
END GROUP
START GROUP
LOAD C:/ST/STM32CubeIDE_1.19.0/STM32CubeIDE/plugins/com.st.stm32cube.ide.mcu.externaltools.gnu-tools-for-stm32.13.3.rel1.win32_1.0.0.202411081344/tools/bin/../lib/gcc/arm-none-eabi/13.3.1/thumb/v7e-m+fp/hard\libgcc.a
LOAD C:/ST/STM32CubeIDE_1.19.0/STM32CubeIDE/plugins/com.st.stm32cube.ide.mcu.externaltools.gnu-tools-for-stm32.13.3.rel1.win32_1.0.0.202411081344/tools/bin/../lib/gcc/arm-none-eabi/13.3.1/../../../../arm-none-eabi/lib/thumb/v7e-m+fp/hard\libc_nano.a
END GROUP
START GROUP
LOAD C:/ST/STM32CubeIDE_1.19.0/STM32CubeIDE/plugins/com.st.stm32cube.ide.mcu.externaltools.gnu-tools-for-stm32.13.3.rel1.win32_1.0.0.202411081344/tools/bin/../lib/gcc/arm-none-eabi/13.3.1/thumb/v7e-m+fp/hard\libgcc.a
LOAD C:/ST/STM32CubeIDE_1.19.0/STM32CubeIDE/plugins/com.st.stm32cube.ide.mcu.externaltools.gnu-tools-for-stm32.13.3.rel1.win32_1.0.0.202411081344/tools/bin/../lib/gcc/arm-none-eabi/13.3.1/../../../../arm-none-eabi/lib/thumb/v7e-m+fp/hard\libc_nano.a
LOAD C:/ST/STM32CubeIDE_1.19.0/STM32CubeIDE/plugins/com.st.stm32cube.ide.mcu.externaltools.gnu-tools-for-stm32.13.3.rel1.win32_1.0.0.202411081344/tools/bin/../lib/gcc/arm-none-eabi/13.3.1/../../../../arm-none-eabi/lib/thumb/v7e-m+fp/hard\libnosys.a
END GROUP
START GROUP
LOAD C:/ST/STM32CubeIDE_1.19.0/STM32CubeIDE/plugins/com.st.stm32cube.ide.mcu.externaltools.gnu-tools-for-stm32.13.3.rel1.win32_1.0.0.202411081344/tools/bin/../lib/gcc/arm-none-eabi/13.3.1/thumb/v7e-m+fp/hard\libgcc.a
LOAD C:/ST/STM32CubeIDE_1.19.0/STM32CubeIDE/plugins/com.st.stm32cube.ide.mcu.externaltools.gnu-tools-for-stm32.13.3.rel1.win32_1.0.0.202411081344/tools/bin/../lib/gcc/arm-none-eabi/13.3.1/../../../../arm-none-eabi/lib/thumb/v7e-m+fp/hard\libc_nano.a
LOAD C:/ST/STM32CubeIDE_1.19.0/STM32CubeIDE/plugins/com.st.stm32cube.ide.mcu.externaltools.gnu-tools-for-stm32.13.3.rel1.win32_1.0.0.202411081344/tools/bin/../lib/gcc/arm-none-eabi/13.3.1/../../../../arm-none-eabi/lib/thumb/v7e-m+fp/hard\libnosys.a
END GROUP
LOAD C:/ST/STM32CubeIDE_1.19.0/STM32CubeIDE/plugins/com.st.stm32cube.ide.mcu.externaltools.gnu-tools-for-stm32.13.3.rel1.win32_1.0.0.202411081344/tools/bin/../lib/gcc/arm-none-eabi/13.3.1/thumb/v7e-m+fp/hard/crtend.o
LOAD C:/ST/STM32CubeIDE_1.19.0/STM32CubeIDE/plugins/com.st.stm32cube.ide.mcu.externaltools.gnu-tools-for-stm32.13.3.rel1.win32_1.0.0.202411081344/tools/bin/../lib/gcc/arm-none-eabi/13.3.1/thumb/v7e-m+fp/hard/crtn.o
                0x20008000                        _estack = (ORIGIN (RAM) + LENGTH (RAM))
                0x00000200                        _Min_Heap_Size = 0x200
                0x00000400                        _Min_Stack_Size = 0x400

.isr_vector     0x08000000      0x18c
                0x08000000                        . = ALIGN (0x4)
 *(.isr_vector)
 .isr_vector    0x08000000      0x18c ./Core/Startup/startup_stm32l412kbux.o
                0x08000000                g_pfnVectors
                0x0800018c                        . = ALIGN (0x4)

.text           0x08000190     0xcfcc
                0x08000190                        . = ALIGN (0x4)
 *(.text)
 .text          0x08000190       0x40 C:/ST/STM32CubeIDE_1.19.0/STM32CubeIDE/plugins/com.st.stm32cube.ide.mcu.externaltools.gnu-tools-for-stm32.13.3.rel1.win32_1.0.0.202411081344/tools/bin/../lib/gcc/arm-none-eabi/13.3.1/thumb/v7e-m+fp/hard/crtbegin.o
 .text          0x080001d0      0x378 C:/ST/STM32CubeIDE_1.19.0/STM32CubeIDE/plugins/com.st.stm32cube.ide.mcu.externaltools.gnu-tools-for-stm32.13.3.rel1.win32_1.0.0.202411081344/tools/bin/../lib/gcc/arm-none-eabi/13.3.1/thumb/v7e-m+fp/hard\libgcc.a(_arm_addsubdf3.o)
                0x080001d0                __aeabi_drsub
                0x080001d8                __aeabi_dsub
                0x080001d8                __subdf3
                0x080001dc                __aeabi_dadd
                0x080001dc                __adddf3
                0x08000454                __floatunsidf
                0x08000454                __aeabi_ui2d
                0x08000474                __floatsidf
                0x08000474                __aeabi_i2d
                0x08000498                __aeabi_f2d
                0x08000498                __extendsfdf2
                0x080004dc                __floatundidf
                0x080004dc                __aeabi_ul2d
                0x080004ec                __floatdidf
                0x080004ec                __aeabi_l2d
 .text          0x08000548      0x424 C:/ST/STM32CubeIDE_1.19.0/STM32CubeIDE/plugins/com.st.stm32cube.ide.mcu.externaltools.gnu-tools-for-stm32.13.3.rel1.win32_1.0.0.202411081344/tools/bin/../lib/gcc/arm-none-eabi/13.3.1/thumb/v7e-m+fp/hard\libgcc.a(_arm_muldivdf3.o)
                0x08000548                __aeabi_dmul
                0x08000548                __muldf3
                0x0800079c                __divdf3
                0x0800079c                __aeabi_ddiv
 .text          0x0800096c       0xa0 C:/ST/STM32CubeIDE_1.19.0/STM32CubeIDE/plugins/com.st.stm32cube.ide.mcu.externaltools.gnu-tools-for-stm32.13.3.rel1.win32_1.0.0.202411081344/tools/bin/../lib/gcc/arm-none-eabi/13.3.1/thumb/v7e-m+fp/hard\libgcc.a(_arm_truncdfsf2.o)
                0x0800096c                __truncdfsf2
                0x0800096c                __aeabi_d2f
 .text          0x08000a0c       0x30 C:/ST/STM32CubeIDE_1.19.0/STM32CubeIDE/plugins/com.st.stm32cube.ide.mcu.externaltools.gnu-tools-for-stm32.13.3.rel1.win32_1.0.0.202411081344/tools/bin/../lib/gcc/arm-none-eabi/13.3.1/thumb/v7e-m+fp/hard\libgcc.a(_aeabi_uldivmod.o)
                0x08000a0c                __aeabi_uldivmod
 .text          0x08000a3c      0x2f8 C:/ST/STM32CubeIDE_1.19.0/STM32CubeIDE/plugins/com.st.stm32cube.ide.mcu.externaltools.gnu-tools-for-stm32.13.3.rel1.win32_1.0.0.202411081344/tools/bin/../lib/gcc/arm-none-eabi/13.3.1/thumb/v7e-m+fp/hard\libgcc.a(_udivmoddi4.o)
                0x08000a3c                __udivmoddi4
 .text          0x08000d34        0x4 C:/ST/STM32CubeIDE_1.19.0/STM32CubeIDE/plugins/com.st.stm32cube.ide.mcu.externaltools.gnu-tools-for-stm32.13.3.rel1.win32_1.0.0.202411081344/tools/bin/../lib/gcc/arm-none-eabi/13.3.1/thumb/v7e-m+fp/hard\libgcc.a(_dvmd_tls.o)
                0x08000d34                __aeabi_idiv0
                0x08000d34                __aeabi_ldiv0
 *(.text*)
 .text.I2C_EEP_Init
                0x08000d38       0x54 ./Core/Src/24LC16B.o
                0x08000d38                I2C_EEP_Init
 .text.I2C_EEP_Read
                0x08000d8c       0x68 ./Core/Src/24LC16B.o
 .text.I2C_EEP_Write
                0x08000df4       0x80 ./Core/Src/24LC16B.o
 .text.I2C_EEP_READ_U08
                0x08000e74       0x20 ./Core/Src/24LC16B.o
                0x08000e74                I2C_EEP_READ_U08
 .text.I2C_EEP_READ_U16
                0x08000e94       0x36 ./Core/Src/24LC16B.o
                0x08000e94                I2C_EEP_READ_U16
 .text.I2C_EEP_READ_U32
                0x08000eca       0x5e ./Core/Src/24LC16B.o
                0x08000eca                I2C_EEP_READ_U32
 .text.I2C_EEP_READ_FLOAT
                0x08000f28       0x68 ./Core/Src/24LC16B.o
                0x08000f28                I2C_EEP_READ_FLOAT
 .text.I2C_EEP_WRITE_U08
                0x08000f90       0x46 ./Core/Src/24LC16B.o
                0x08000f90                I2C_EEP_WRITE_U08
 .text.I2C_EEP_WRITE_U16
                0x08000fd6       0x6a ./Core/Src/24LC16B.o
                0x08000fd6                I2C_EEP_WRITE_U16
 .text.I2C_EEP_WRITE_U32
                0x08001040       0xb2 ./Core/Src/24LC16B.o
                0x08001040                I2C_EEP_WRITE_U32
 .text.I2C_EEP_WRITE_FLOAT
                0x080010f2       0xba ./Core/Src/24LC16B.o
                0x080010f2                I2C_EEP_WRITE_FLOAT
 .text.EXT_Init
                0x080011ac       0x74 ./Core/Src/Ext_IO.o
                0x080011ac                EXT_Init
 .text.EXT_LD_Ctrl
                0x08001220       0x48 ./Core/Src/Ext_IO.o
                0x08001220                EXT_LD_Ctrl
 .text.EXT_HV_Ctrl
                0x08001268       0x48 ./Core/Src/Ext_IO.o
                0x08001268                EXT_HV_Ctrl
 .text.EXT_PD_Ctrl
                0x080012b0       0x48 ./Core/Src/Ext_IO.o
                0x080012b0                EXT_PD_Ctrl
 .text.EXT_SiPM_Ctrl
                0x080012f8       0x48 ./Core/Src/Ext_IO.o
                0x080012f8                EXT_SiPM_Ctrl
 .text.ADC_PD_Measuerment
                0x08001340       0xac ./Core/Src/Ext_IO.o
                0x08001340                ADC_PD_Measuerment
 .text.ADC_LD_Measuerment
                0x080013ec       0xb8 ./Core/Src/Ext_IO.o
                0x080013ec                ADC_LD_Measuerment
 .text.ADC_HV_Measuerment
                0x080014a4       0xb0 ./Core/Src/Ext_IO.o
                0x080014a4                ADC_HV_Measuerment
 .text.ADC_SiPM_Measuerment
                0x08001554       0xac ./Core/Src/Ext_IO.o
                0x08001554                ADC_SiPM_Measuerment
 .text.ADC_ChkCondition
                0x08001600       0xa0 ./Core/Src/Ext_IO.o
                0x08001600                ADC_ChkCondition
 .text.SetFanSpdCtrl
                0x080016a0       0x48 ./Core/Src/Fan.o
 .text.SetFanCtrl
                0x080016e8       0x48 ./Core/Src/Fan.o
 .text.FAN_Init
                0x08001730       0x1c ./Core/Src/Fan.o
                0x08001730                FAN_Init
 .text.FAN_Ctrl
                0x0800174c       0x40 ./Core/Src/Fan.o
                0x0800174c                FAN_Ctrl
 .text.FAN_RpmMeasurement
                0x0800178c       0x44 ./Core/Src/Fan.o
                0x0800178c                FAN_RpmMeasurement
 .text.FAN_ChkCondition
                0x080017d0       0xa8 ./Core/Src/Fan.o
                0x080017d0                FAN_ChkCondition
 .text.Calc_Init
                0x08001878       0xbc ./Core/Src/Mesaure.o
                0x08001878                Calc_Init
 .text.Calc_GetSelNumConnect
                0x08001934       0xa4 ./Core/Src/Mesaure.o
                0x08001934                Calc_GetSelNumConnect
 .text.Calc_GetNumberConcent
                0x080019d8       0xb0 ./Core/Src/Mesaure.o
                0x080019d8                Calc_GetNumberConcent
 .text.Calc_GetSelMassConnect
                0x08001a88       0xc0 ./Core/Src/Mesaure.o
                0x08001a88                Calc_GetSelMassConnect
 .text.Calc_GetMassConcentration
                0x08001b48       0xa8 ./Core/Src/Mesaure.o
                0x08001b48                Calc_GetMassConcentration
 .text.Calc_GetTypicalPaticleSize
                0x08001bf0       0x7c ./Core/Src/Mesaure.o
                0x08001bf0                Calc_GetTypicalPaticleSize
 .text.Default_FactorySet
                0x08001c6c      0x1cc ./Core/Src/Parameter.o
                0x08001c6c                Default_FactorySet
 .text.SetCfg_CurrentFanUseTime
                0x08001e38       0x18 ./Core/Src/Parameter.o
                0x08001e38                SetCfg_CurrentFanUseTime
 .text.GetCfg_CurrentFanUseTime
                0x08001e50       0x10 ./Core/Src/Parameter.o
                0x08001e50                GetCfg_CurrentFanUseTime
 .text.SetCfg_CurrentFanInterValTime
                0x08001e60       0x18 ./Core/Src/Parameter.o
                0x08001e60                SetCfg_CurrentFanInterValTime
 .text.GetCfg_CurrentFanInterValTime
                0x08001e78       0x10 ./Core/Src/Parameter.o
                0x08001e78                GetCfg_CurrentFanInterValTime
 .text.SetCfg_Device_ProcType
                0x08001e88       0x3c ./Core/Src/Parameter.o
                0x08001e88                SetCfg_Device_ProcType
 .text.GetCfg_Device_ProcType
                0x08001ec4       0x3e ./Core/Src/Parameter.o
                0x08001ec4                GetCfg_Device_ProcType
 .text.SetCfg_Device_ProcSerial
                0x08001f02       0x3c ./Core/Src/Parameter.o
                0x08001f02                SetCfg_Device_ProcSerial
 .text.GetCfg_Device_ProcSerial
                0x08001f3e       0x3e ./Core/Src/Parameter.o
                0x08001f3e                GetCfg_Device_ProcSerial
 .text.SetCfg_Device_ProcVer
                0x08001f7c       0x3c ./Core/Src/Parameter.o
                0x08001f7c                SetCfg_Device_ProcVer
 .text.GetCfg_Device_ProcVer
                0x08001fb8       0x3e ./Core/Src/Parameter.o
                0x08001fb8                GetCfg_Device_ProcVer
 .text.SetCfg_DeviceUseCount
                0x08001ff6       0x46 ./Core/Src/Parameter.o
                0x08001ff6                SetCfg_DeviceUseCount
 .text.GetCfg_DeviceUseCount
                0x0800203c       0x50 ./Core/Src/Parameter.o
                0x0800203c                GetCfg_DeviceUseCount
 .text.SetCfg_Flash_Firmware_Write
                0x0800208c       0x10 ./Core/Src/Parameter.o
                0x0800208c                SetCfg_Flash_Firmware_Write
 .text.SetParam_BoundaryVolt
                0x0800209c       0xa6 ./Core/Src/Parameter.o
                0x0800209c                SetParam_BoundaryVolt
 .text.GetParam_BoundaryVolt
                0x08002142       0xa6 ./Core/Src/Parameter.o
                0x08002142                GetParam_BoundaryVolt
 .text.SetParam_AdjCal
                0x080021e8       0x92 ./Core/Src/Parameter.o
                0x080021e8                SetParam_AdjCal
 .text.GetParam_AdjCal
                0x0800227a       0x9c ./Core/Src/Parameter.o
                0x0800227a                GetParam_AdjCal
 *fill*         0x08002316        0x2 
 .text.PARAM_Init
                0x08002318       0x4c ./Core/Src/Parameter.o
                0x08002318                PARAM_Init
 .text.PARAM_Process
                0x08002364      0x204 ./Core/Src/Parameter.o
                0x08002364                PARAM_Process
 .text.PROC_Init
                0x08002568       0x48 ./Core/Src/Process.o
                0x08002568                PROC_Init
 .text.WaitTime_Init
                0x080025b0       0x3c ./Core/Src/Process.o
                0x080025b0                WaitTime_Init
 .text.WaitHoldTime_Sec
                0x080025ec       0x54 ./Core/Src/Process.o
                0x080025ec                WaitHoldTime_Sec
 .text.WaitHoldTime_mSec
                0x08002640       0x54 ./Core/Src/Process.o
                0x08002640                WaitHoldTime_mSec
 .text.DeviceSetState
                0x08002694       0x56 ./Core/Src/Process.o
                0x08002694                DeviceSetState
 *fill*         0x080026ea        0x2 
 .text.MCU_AlarmTempMonitor
                0x080026ec       0xc0 ./Core/Src/Process.o
                0x080026ec                MCU_AlarmTempMonitor
 .text.ReadMeasuredVal
                0x080027ac      0x584 ./Core/Src/Process.o
                0x080027ac                ReadMeasuredVal
 .text.FanCleanCtrl
                0x08002d30      0x190 ./Core/Src/Process.o
                0x08002d30                FanCleanCtrl
 .text.Measure_Start
                0x08002ec0       0x74 ./Core/Src/Process.o
                0x08002ec0                Measure_Start
 .text.Measure_Stop
                0x08002f34       0x74 ./Core/Src/Process.o
                0x08002f34                Measure_Stop
 .text.AssmTxMsg_GetBoundaryVolt
                0x08002fa8      0x270 ./Core/Src/Process.o
                0x08002fa8                AssmTxMsg_GetBoundaryVolt
 .text.SetBoundaryVolt
                0x08003218      0x194 ./Core/Src/Process.o
                0x08003218                SetBoundaryVolt
 .text.AssmTxMsg_GetAdjustCal
                0x080033ac       0xfc ./Core/Src/Process.o
                0x080033ac                AssmTxMsg_GetAdjustCal
 .text.SetAdjustCal
                0x080034a8       0xf8 ./Core/Src/Process.o
                0x080034a8                SetAdjustCal
 .text.AssmTxMsg_DeviceInfo
                0x080035a0      0x150 ./Core/Src/Process.o
                0x080035a0                AssmTxMsg_DeviceInfo
 .text.DeviceInfo
                0x080036f0       0x80 ./Core/Src/Process.o
                0x080036f0                DeviceInfo
 .text.DeviceFirmwareVer
                0x08003770       0x64 ./Core/Src/Process.o
                0x08003770                DeviceFirmwareVer
 .text.RspAssamblyTxMsg
                0x080037d4      0x804 ./Core/Src/Process.o
                0x080037d4                RspAssamblyTxMsg
 .text.Manual_GetAdcMsg
                0x08003fd8      0x318 ./Core/Src/Process.o
                0x08003fd8                Manual_GetAdcMsg
 .text.PostMessage_Proc
                0x080042f0      0x48c ./Core/Src/Process.o
                0x080042f0                PostMessage_Proc
 .text.Operating_Process
                0x0800477c       0x38 ./Core/Src/Process.o
                0x0800477c                Operating_Process
 .text.RngOfPdAdcSamplingVal
                0x080047b4      0x19c ./Core/Src/Process.o
                0x080047b4                RngOfPdAdcSamplingVal
 .text.RngOfSiPmAdcSamplingVal
                0x08004950       0xa4 ./Core/Src/Process.o
                0x08004950                RngOfSiPmAdcSamplingVal
 .text.Built_In_Test_Proc
                0x080049f4      0x908 ./Core/Src/Process.o
                0x080049f4                Built_In_Test_Proc
 .text.SYSTEM_SEQ
                0x080052fc      0x244 ./Core/Src/Process.o
                0x080052fc                SYSTEM_SEQ
 .text.SYSTEM_Process
                0x08005540       0x18 ./Core/Src/Process.o
                0x08005540                SYSTEM_Process
 .text.SystemTimeCtrl
                0x08005558       0xb0 ./Core/Src/Process.o
 .text.UART_RxInit
                0x08005608       0x34 ./Core/Src/Uart.o
                0x08005608                UART_RxInit
 .text.UART_TxInit
                0x0800563c       0x70 ./Core/Src/Uart.o
                0x0800563c                UART_TxInit
 .text.UART_CMD_CHK
                0x080056ac      0x1fc ./Core/Src/Uart.o
                0x080056ac                UART_CMD_CHK
 .text.FindRcvMsgToPacket
                0x080058a8      0x264 ./Core/Src/Uart.o
                0x080058a8                FindRcvMsgToPacket
 .text.RcvMsgErrAssambly
                0x08005b0c      0x124 ./Core/Src/Uart.o
                0x08005b0c                RcvMsgErrAssambly
 .text.UART_MsgProc
                0x08005c30       0x5c ./Core/Src/Uart.o
                0x08005c30                UART_MsgProc
 .text.UART_Init
                0x08005c8c       0x88 ./Core/Src/Uart.o
                0x08005c8c                UART_Init
 .text.UART_StuffAssambly
                0x08005d14      0x17c ./Core/Src/Uart.o
                0x08005d14                UART_StuffAssambly
 .text.UART_Chksum
                0x08005e90       0x4a ./Core/Src/Uart.o
                0x08005e90                UART_Chksum
 *fill*         0x08005eda        0x2 
 .text.HAL_GPIO_EXTI_Callback
                0x08005edc       0x2c ./Core/Src/main.o
                0x08005edc                HAL_GPIO_EXTI_Callback
 .text.HAL_UARTEx_RxEventCallback
                0x08005f08       0x7c ./Core/Src/main.o
                0x08005f08                HAL_UARTEx_RxEventCallback
 .text.HAL_ADC_ConvCpltCallback
                0x08005f84       0x70 ./Core/Src/main.o
                0x08005f84                HAL_ADC_ConvCpltCallback
 .text.UART_Transmit_Proc
                0x08005ff4       0x3c ./Core/Src/main.o
                0x08005ff4                UART_Transmit_Proc
 .text.HAL_TIM_PeriodElapsedCallback
                0x08006030       0x28 ./Core/Src/main.o
                0x08006030                HAL_TIM_PeriodElapsedCallback
 .text.main     0x08006058       0x90 ./Core/Src/main.o
                0x08006058                main
 .text.SystemClock_Config
                0x080060e8       0x9a ./Core/Src/main.o
                0x080060e8                SystemClock_Config
 *fill*         0x08006182        0x2 
 .text.MX_ADC1_Init
                0x08006184      0x190 ./Core/Src/main.o
 .text.MX_I2C1_Init
                0x08006314       0x80 ./Core/Src/main.o
 .text.MX_TIM2_Init
                0x08006394       0x9c ./Core/Src/main.o
 .text.MX_USART1_UART_Init
                0x08006430       0x60 ./Core/Src/main.o
 .text.MX_DMA_Init
                0x08006490       0x4c ./Core/Src/main.o
 .text.MX_GPIO_Init
                0x080064dc       0xf0 ./Core/Src/main.o
 .text.JumpToBootloader
                0x080065cc       0x4c ./Core/Src/main.o
                0x080065cc                JumpToBootloader
 .text.Error_Handler
                0x08006618        0xc ./Core/Src/main.o
                0x08006618                Error_Handler
 .text.HAL_MspInit
                0x08006624       0x48 ./Core/Src/stm32l4xx_hal_msp.o
                0x08006624                HAL_MspInit
 .text.HAL_ADC_MspInit
                0x0800666c       0xec ./Core/Src/stm32l4xx_hal_msp.o
                0x0800666c                HAL_ADC_MspInit
 .text.HAL_I2C_MspInit
                0x08006758       0xb0 ./Core/Src/stm32l4xx_hal_msp.o
                0x08006758                HAL_I2C_MspInit
 .text.HAL_TIM_Base_MspInit
                0x08006808       0x48 ./Core/Src/stm32l4xx_hal_msp.o
                0x08006808                HAL_TIM_Base_MspInit
 .text.HAL_UART_MspInit
                0x08006850      0x11c ./Core/Src/stm32l4xx_hal_msp.o
                0x08006850                HAL_UART_MspInit
 .text.NMI_Handler
                0x0800696c        0x8 ./Core/Src/stm32l4xx_it.o
                0x0800696c                NMI_Handler
 .text.HardFault_Handler
                0x08006974        0x8 ./Core/Src/stm32l4xx_it.o
                0x08006974                HardFault_Handler
 .text.MemManage_Handler
                0x0800697c        0x8 ./Core/Src/stm32l4xx_it.o
                0x0800697c                MemManage_Handler
 .text.BusFault_Handler
                0x08006984        0x8 ./Core/Src/stm32l4xx_it.o
                0x08006984                BusFault_Handler
 .text.UsageFault_Handler
                0x0800698c        0x8 ./Core/Src/stm32l4xx_it.o
                0x0800698c                UsageFault_Handler
 .text.SVC_Handler
                0x08006994        0xe ./Core/Src/stm32l4xx_it.o
                0x08006994                SVC_Handler
 .text.DebugMon_Handler
                0x080069a2        0xe ./Core/Src/stm32l4xx_it.o
                0x080069a2                DebugMon_Handler
 .text.PendSV_Handler
                0x080069b0        0xe ./Core/Src/stm32l4xx_it.o
                0x080069b0                PendSV_Handler
 .text.SysTick_Handler
                0x080069be        0xc ./Core/Src/stm32l4xx_it.o
                0x080069be                SysTick_Handler
 *fill*         0x080069ca        0x2 
 .text.DMA1_Channel1_IRQHandler
                0x080069cc       0x14 ./Core/Src/stm32l4xx_it.o
                0x080069cc                DMA1_Channel1_IRQHandler
 .text.DMA1_Channel5_IRQHandler
                0x080069e0       0x14 ./Core/Src/stm32l4xx_it.o
                0x080069e0                DMA1_Channel5_IRQHandler
 .text.ADC1_2_IRQHandler
                0x080069f4       0x14 ./Core/Src/stm32l4xx_it.o
                0x080069f4                ADC1_2_IRQHandler
 .text.EXTI9_5_IRQHandler
                0x08006a08       0x10 ./Core/Src/stm32l4xx_it.o
                0x08006a08                EXTI9_5_IRQHandler
 .text.TIM2_IRQHandler
                0x08006a18       0x14 ./Core/Src/stm32l4xx_it.o
                0x08006a18                TIM2_IRQHandler
 .text.USART1_IRQHandler
                0x08006a2c       0x14 ./Core/Src/stm32l4xx_it.o
                0x08006a2c                USART1_IRQHandler
 .text.SystemInit
                0x08006a40       0x24 ./Core/Src/system_stm32l4xx.o
                0x08006a40                SystemInit
 .text.Reset_Handler
                0x08006a64       0x50 ./Core/Startup/startup_stm32l412kbux.o
                0x08006a64                Reset_Handler
 .text.Default_Handler
                0x08006ab4        0x2 ./Core/Startup/startup_stm32l412kbux.o
                0x08006ab4                RTC_Alarm_IRQHandler
                0x08006ab4                EXTI2_IRQHandler
                0x08006ab4                TIM1_CC_IRQHandler
                0x08006ab4                TSC_IRQHandler
                0x08006ab4                TIM6_IRQHandler
                0x08006ab4                TAMP_STAMP_IRQHandler
                0x08006ab4                EXTI3_IRQHandler
                0x08006ab4                LPTIM2_IRQHandler
                0x08006ab4                I2C3_ER_IRQHandler
                0x08006ab4                EXTI0_IRQHandler
                0x08006ab4                I2C2_EV_IRQHandler
                0x08006ab4                FPU_IRQHandler
                0x08006ab4                TIM1_UP_TIM16_IRQHandler
                0x08006ab4                SPI1_IRQHandler
                0x08006ab4                DMA2_Channel2_IRQHandler
                0x08006ab4                DMA1_Channel4_IRQHandler
                0x08006ab4                USART3_IRQHandler
                0x08006ab4                DMA1_Channel7_IRQHandler
                0x08006ab4                DMA2_Channel1_IRQHandler
                0x08006ab4                QUADSPI_IRQHandler
                0x08006ab4                I2C1_EV_IRQHandler
                0x08006ab4                DMA1_Channel6_IRQHandler
                0x08006ab4                DMA2_Channel4_IRQHandler
                0x08006ab4                RCC_IRQHandler
                0x08006ab4                TIM1_TRG_COM_IRQHandler
                0x08006ab4                Default_Handler
                0x08006ab4                DMA2_Channel7_IRQHandler
                0x08006ab4                EXTI15_10_IRQHandler
                0x08006ab4                I2C3_EV_IRQHandler
                0x08006ab4                USB_IRQHandler
                0x08006ab4                RTC_WKUP_IRQHandler
                0x08006ab4                PVD_PVM_IRQHandler
                0x08006ab4                SPI2_IRQHandler
                0x08006ab4                DMA2_Channel5_IRQHandler
                0x08006ab4                CRS_IRQHandler
                0x08006ab4                EXTI4_IRQHandler
                0x08006ab4                RNG_IRQHandler
                0x08006ab4                DMA1_Channel3_IRQHandler
                0x08006ab4                COMP_IRQHandler
                0x08006ab4                WWDG_IRQHandler
                0x08006ab4                LPUART1_IRQHandler
                0x08006ab4                DMA2_Channel6_IRQHandler
                0x08006ab4                EXTI1_IRQHandler
                0x08006ab4                USART2_IRQHandler
                0x08006ab4                I2C2_ER_IRQHandler
                0x08006ab4                DMA1_Channel2_IRQHandler
                0x08006ab4                FLASH_IRQHandler
                0x08006ab4                I2C1_ER_IRQHandler
                0x08006ab4                LPTIM1_IRQHandler
                0x08006ab4                DMA2_Channel3_IRQHandler
                0x08006ab4                TIM1_BRK_TIM15_IRQHandler
 .text.HAL_Init
                0x08006ab6       0x30 ./Drivers/STM32L4xx_HAL_Driver/Src/stm32l4xx_hal.o
                0x08006ab6                HAL_Init
 *fill*         0x08006ae6        0x2 
 .text.HAL_InitTick
                0x08006ae8       0x78 ./Drivers/STM32L4xx_HAL_Driver/Src/stm32l4xx_hal.o
                0x08006ae8                HAL_InitTick
 .text.HAL_IncTick
                0x08006b60       0x28 ./Drivers/STM32L4xx_HAL_Driver/Src/stm32l4xx_hal.o
                0x08006b60                HAL_IncTick
 .text.HAL_GetTick
                0x08006b88       0x18 ./Drivers/STM32L4xx_HAL_Driver/Src/stm32l4xx_hal.o
                0x08006b88                HAL_GetTick
 .text.HAL_Delay
                0x08006ba0       0x48 ./Drivers/STM32L4xx_HAL_Driver/Src/stm32l4xx_hal.o
                0x08006ba0                HAL_Delay
 .text.LL_ADC_SetCommonClock
                0x08006be8       0x26 ./Drivers/STM32L4xx_HAL_Driver/Src/stm32l4xx_hal_adc.o
 .text.LL_ADC_SetCommonPathInternalCh
                0x08006c0e       0x26 ./Drivers/STM32L4xx_HAL_Driver/Src/stm32l4xx_hal_adc.o
 .text.LL_ADC_GetCommonPathInternalCh
                0x08006c34       0x1c ./Drivers/STM32L4xx_HAL_Driver/Src/stm32l4xx_hal_adc.o
 .text.LL_ADC_SetOffset
                0x08006c50       0x48 ./Drivers/STM32L4xx_HAL_Driver/Src/stm32l4xx_hal_adc.o
 .text.LL_ADC_GetOffsetChannel
                0x08006c98       0x2c ./Drivers/STM32L4xx_HAL_Driver/Src/stm32l4xx_hal_adc.o
 .text.LL_ADC_SetOffsetState
                0x08006cc4       0x36 ./Drivers/STM32L4xx_HAL_Driver/Src/stm32l4xx_hal_adc.o
 .text.LL_ADC_SetSamplingTimeCommonConfig
                0x08006cfa       0x26 ./Drivers/STM32L4xx_HAL_Driver/Src/stm32l4xx_hal_adc.o
 .text.LL_ADC_REG_IsTriggerSourceSWStart
                0x08006d20       0x26 ./Drivers/STM32L4xx_HAL_Driver/Src/stm32l4xx_hal_adc.o
 .text.LL_ADC_REG_SetSequencerRanks
                0x08006d46       0x58 ./Drivers/STM32L4xx_HAL_Driver/Src/stm32l4xx_hal_adc.o
 .text.LL_ADC_INJ_IsTriggerSourceSWStart
                0x08006d9e       0x26 ./Drivers/STM32L4xx_HAL_Driver/Src/stm32l4xx_hal_adc.o
 .text.LL_ADC_SetChannelSamplingTime
                0x08006dc4       0x56 ./Drivers/STM32L4xx_HAL_Driver/Src/stm32l4xx_hal_adc.o
 *fill*         0x08006e1a        0x2 
 .text.LL_ADC_SetChannelSingleDiff
                0x08006e1c       0x48 ./Drivers/STM32L4xx_HAL_Driver/Src/stm32l4xx_hal_adc.o
 .text.LL_ADC_GetMultimode
                0x08006e64       0x1c ./Drivers/STM32L4xx_HAL_Driver/Src/stm32l4xx_hal_adc.o
 .text.LL_ADC_GetMultiDMATransfer
                0x08006e80       0x1c ./Drivers/STM32L4xx_HAL_Driver/Src/stm32l4xx_hal_adc.o
 .text.LL_ADC_DisableDeepPowerDown
                0x08006e9c       0x24 ./Drivers/STM32L4xx_HAL_Driver/Src/stm32l4xx_hal_adc.o
 .text.LL_ADC_IsDeepPowerDownEnabled
                0x08006ec0       0x28 ./Drivers/STM32L4xx_HAL_Driver/Src/stm32l4xx_hal_adc.o
 .text.LL_ADC_EnableInternalRegulator
                0x08006ee8       0x28 ./Drivers/STM32L4xx_HAL_Driver/Src/stm32l4xx_hal_adc.o
 .text.LL_ADC_IsInternalRegulatorEnabled
                0x08006f10       0x28 ./Drivers/STM32L4xx_HAL_Driver/Src/stm32l4xx_hal_adc.o
 .text.LL_ADC_Enable
                0x08006f38       0x28 ./Drivers/STM32L4xx_HAL_Driver/Src/stm32l4xx_hal_adc.o
 .text.LL_ADC_Disable
                0x08006f60       0x28 ./Drivers/STM32L4xx_HAL_Driver/Src/stm32l4xx_hal_adc.o
 .text.LL_ADC_IsEnabled
                0x08006f88       0x26 ./Drivers/STM32L4xx_HAL_Driver/Src/stm32l4xx_hal_adc.o
 .text.LL_ADC_IsDisableOngoing
                0x08006fae       0x26 ./Drivers/STM32L4xx_HAL_Driver/Src/stm32l4xx_hal_adc.o
 .text.LL_ADC_REG_StartConversion
                0x08006fd4       0x28 ./Drivers/STM32L4xx_HAL_Driver/Src/stm32l4xx_hal_adc.o
 .text.LL_ADC_REG_IsConversionOngoing
                0x08006ffc       0x26 ./Drivers/STM32L4xx_HAL_Driver/Src/stm32l4xx_hal_adc.o
 .text.LL_ADC_INJ_IsConversionOngoing
                0x08007022       0x26 ./Drivers/STM32L4xx_HAL_Driver/Src/stm32l4xx_hal_adc.o
 .text.HAL_ADC_Init
                0x08007048      0x294 ./Drivers/STM32L4xx_HAL_Driver/Src/stm32l4xx_hal_adc.o
                0x08007048                HAL_ADC_Init
 .text.HAL_ADC_Start_DMA
                0x080072dc      0x168 ./Drivers/STM32L4xx_HAL_Driver/Src/stm32l4xx_hal_adc.o
                0x080072dc                HAL_ADC_Start_DMA
 .text.HAL_ADC_IRQHandler
                0x08007444      0x434 ./Drivers/STM32L4xx_HAL_Driver/Src/stm32l4xx_hal_adc.o
                0x08007444                HAL_ADC_IRQHandler
 .text.HAL_ADC_ConvHalfCpltCallback
                0x08007878       0x14 ./Drivers/STM32L4xx_HAL_Driver/Src/stm32l4xx_hal_adc.o
                0x08007878                HAL_ADC_ConvHalfCpltCallback
 .text.HAL_ADC_LevelOutOfWindowCallback
                0x0800788c       0x14 ./Drivers/STM32L4xx_HAL_Driver/Src/stm32l4xx_hal_adc.o
                0x0800788c                HAL_ADC_LevelOutOfWindowCallback
 .text.HAL_ADC_ErrorCallback
                0x080078a0       0x14 ./Drivers/STM32L4xx_HAL_Driver/Src/stm32l4xx_hal_adc.o
                0x080078a0                HAL_ADC_ErrorCallback
 .text.HAL_ADC_ConfigChannel
                0x080078b4      0x7f8 ./Drivers/STM32L4xx_HAL_Driver/Src/stm32l4xx_hal_adc.o
                0x080078b4                HAL_ADC_ConfigChannel
 .text.ADC_Enable
                0x080080ac      0x10c ./Drivers/STM32L4xx_HAL_Driver/Src/stm32l4xx_hal_adc.o
                0x080080ac                ADC_Enable
 .text.ADC_Disable
                0x080081b8       0xbe ./Drivers/STM32L4xx_HAL_Driver/Src/stm32l4xx_hal_adc.o
                0x080081b8                ADC_Disable
 .text.ADC_DMAConvCplt
                0x08008276       0xd8 ./Drivers/STM32L4xx_HAL_Driver/Src/stm32l4xx_hal_adc.o
                0x08008276                ADC_DMAConvCplt
 .text.ADC_DMAHalfConvCplt
                0x0800834e       0x1c ./Drivers/STM32L4xx_HAL_Driver/Src/stm32l4xx_hal_adc.o
                0x0800834e                ADC_DMAHalfConvCplt
 .text.ADC_DMAError
                0x0800836a       0x34 ./Drivers/STM32L4xx_HAL_Driver/Src/stm32l4xx_hal_adc.o
                0x0800836a                ADC_DMAError
 .text.LL_ADC_IsEnabled
                0x0800839e       0x26 ./Drivers/STM32L4xx_HAL_Driver/Src/stm32l4xx_hal_adc_ex.o
 .text.LL_ADC_StartCalibration
                0x080083c4       0x32 ./Drivers/STM32L4xx_HAL_Driver/Src/stm32l4xx_hal_adc_ex.o
 .text.LL_ADC_IsCalibrationOnGoing
                0x080083f6       0x28 ./Drivers/STM32L4xx_HAL_Driver/Src/stm32l4xx_hal_adc_ex.o
 .text.LL_ADC_REG_IsConversionOngoing
                0x0800841e       0x26 ./Drivers/STM32L4xx_HAL_Driver/Src/stm32l4xx_hal_adc_ex.o
 .text.HAL_ADCEx_Calibration_Start
                0x08008444       0xc0 ./Drivers/STM32L4xx_HAL_Driver/Src/stm32l4xx_hal_adc_ex.o
                0x08008444                HAL_ADCEx_Calibration_Start
 .text.HAL_ADCEx_InjectedConvCpltCallback
                0x08008504       0x14 ./Drivers/STM32L4xx_HAL_Driver/Src/stm32l4xx_hal_adc_ex.o
                0x08008504                HAL_ADCEx_InjectedConvCpltCallback
 .text.HAL_ADCEx_InjectedQueueOverflowCallback
                0x08008518       0x14 ./Drivers/STM32L4xx_HAL_Driver/Src/stm32l4xx_hal_adc_ex.o
                0x08008518                HAL_ADCEx_InjectedQueueOverflowCallback
 .text.HAL_ADCEx_LevelOutOfWindow2Callback
                0x0800852c       0x14 ./Drivers/STM32L4xx_HAL_Driver/Src/stm32l4xx_hal_adc_ex.o
                0x0800852c                HAL_ADCEx_LevelOutOfWindow2Callback
 .text.HAL_ADCEx_LevelOutOfWindow3Callback
                0x08008540       0x14 ./Drivers/STM32L4xx_HAL_Driver/Src/stm32l4xx_hal_adc_ex.o
                0x08008540                HAL_ADCEx_LevelOutOfWindow3Callback
 .text.HAL_ADCEx_EndOfSamplingCallback
                0x08008554       0x14 ./Drivers/STM32L4xx_HAL_Driver/Src/stm32l4xx_hal_adc_ex.o
                0x08008554                HAL_ADCEx_EndOfSamplingCallback
 .text.HAL_ADCEx_MultiModeConfigChannel
                0x08008568      0x148 ./Drivers/STM32L4xx_HAL_Driver/Src/stm32l4xx_hal_adc_ex.o
                0x08008568                HAL_ADCEx_MultiModeConfigChannel
 .text.__NVIC_SetPriorityGrouping
                0x080086b0       0x48 ./Drivers/STM32L4xx_HAL_Driver/Src/stm32l4xx_hal_cortex.o
 .text.__NVIC_GetPriorityGrouping
                0x080086f8       0x1c ./Drivers/STM32L4xx_HAL_Driver/Src/stm32l4xx_hal_cortex.o
 .text.__NVIC_EnableIRQ
                0x08008714       0x3c ./Drivers/STM32L4xx_HAL_Driver/Src/stm32l4xx_hal_cortex.o
 .text.__NVIC_DisableIRQ
                0x08008750       0x48 ./Drivers/STM32L4xx_HAL_Driver/Src/stm32l4xx_hal_cortex.o
 .text.__NVIC_SetPriority
                0x08008798       0x54 ./Drivers/STM32L4xx_HAL_Driver/Src/stm32l4xx_hal_cortex.o
 .text.NVIC_EncodePriority
                0x080087ec       0x66 ./Drivers/STM32L4xx_HAL_Driver/Src/stm32l4xx_hal_cortex.o
 *fill*         0x08008852        0x2 
 .text.SysTick_Config
                0x08008854       0x44 ./Drivers/STM32L4xx_HAL_Driver/Src/stm32l4xx_hal_cortex.o
 .text.HAL_NVIC_SetPriorityGrouping
                0x08008898       0x16 ./Drivers/STM32L4xx_HAL_Driver/Src/stm32l4xx_hal_cortex.o
                0x08008898                HAL_NVIC_SetPriorityGrouping
 .text.HAL_NVIC_SetPriority
                0x080088ae       0x38 ./Drivers/STM32L4xx_HAL_Driver/Src/stm32l4xx_hal_cortex.o
                0x080088ae                HAL_NVIC_SetPriority
 .text.HAL_NVIC_EnableIRQ
                0x080088e6       0x1c ./Drivers/STM32L4xx_HAL_Driver/Src/stm32l4xx_hal_cortex.o
                0x080088e6                HAL_NVIC_EnableIRQ
 .text.HAL_NVIC_DisableIRQ
                0x08008902       0x1c ./Drivers/STM32L4xx_HAL_Driver/Src/stm32l4xx_hal_cortex.o
                0x08008902                HAL_NVIC_DisableIRQ
 .text.HAL_SYSTICK_Config
                0x0800891e       0x18 ./Drivers/STM32L4xx_HAL_Driver/Src/stm32l4xx_hal_cortex.o
                0x0800891e                HAL_SYSTICK_Config
 *fill*         0x08008936        0x2 
 .text.HAL_DMA_Init
                0x08008938      0x170 ./Drivers/STM32L4xx_HAL_Driver/Src/stm32l4xx_hal_dma.o
                0x08008938                HAL_DMA_Init
 .text.HAL_DMA_Start_IT
                0x08008aa8       0xc0 ./Drivers/STM32L4xx_HAL_Driver/Src/stm32l4xx_hal_dma.o
                0x08008aa8                HAL_DMA_Start_IT
 .text.HAL_DMA_Abort
                0x08008b68       0x7c ./Drivers/STM32L4xx_HAL_Driver/Src/stm32l4xx_hal_dma.o
                0x08008b68                HAL_DMA_Abort
 .text.HAL_DMA_Abort_IT
                0x08008be4       0x82 ./Drivers/STM32L4xx_HAL_Driver/Src/stm32l4xx_hal_dma.o
                0x08008be4                HAL_DMA_Abort_IT
 .text.HAL_DMA_IRQHandler
                0x08008c66      0x15e ./Drivers/STM32L4xx_HAL_Driver/Src/stm32l4xx_hal_dma.o
                0x08008c66                HAL_DMA_IRQHandler
 .text.HAL_DMA_GetError
                0x08008dc4       0x18 ./Drivers/STM32L4xx_HAL_Driver/Src/stm32l4xx_hal_dma.o
                0x08008dc4                HAL_DMA_GetError
 .text.DMA_SetConfig
                0x08008ddc       0x60 ./Drivers/STM32L4xx_HAL_Driver/Src/stm32l4xx_hal_dma.o
 .text.HAL_GPIO_Init
                0x08008e3c      0x2e4 ./Drivers/STM32L4xx_HAL_Driver/Src/stm32l4xx_hal_gpio.o
                0x08008e3c                HAL_GPIO_Init
 .text.HAL_GPIO_WritePin
                0x08009120       0x30 ./Drivers/STM32L4xx_HAL_Driver/Src/stm32l4xx_hal_gpio.o
                0x08009120                HAL_GPIO_WritePin
 .text.HAL_GPIO_EXTI_IRQHandler
                0x08009150       0x30 ./Drivers/STM32L4xx_HAL_Driver/Src/stm32l4xx_hal_gpio.o
                0x08009150                HAL_GPIO_EXTI_IRQHandler
 .text.HAL_I2C_Init
                0x08009180      0x136 ./Drivers/STM32L4xx_HAL_Driver/Src/stm32l4xx_hal_i2c.o
                0x08009180                HAL_I2C_Init
 *fill*         0x080092b6        0x2 
 .text.HAL_I2C_Mem_Write
                0x080092b8      0x228 ./Drivers/STM32L4xx_HAL_Driver/Src/stm32l4xx_hal_i2c.o
                0x080092b8                HAL_I2C_Mem_Write
 .text.HAL_I2C_Mem_Read
                0x080094e0      0x234 ./Drivers/STM32L4xx_HAL_Driver/Src/stm32l4xx_hal_i2c.o
                0x080094e0                HAL_I2C_Mem_Read
 .text.HAL_I2C_IsDeviceReady
                0x08009714      0x1d8 ./Drivers/STM32L4xx_HAL_Driver/Src/stm32l4xx_hal_i2c.o
                0x08009714                HAL_I2C_IsDeviceReady
 .text.I2C_RequestMemoryWrite
                0x080098ec       0xa8 ./Drivers/STM32L4xx_HAL_Driver/Src/stm32l4xx_hal_i2c.o
 .text.I2C_RequestMemoryRead
                0x08009994       0xa8 ./Drivers/STM32L4xx_HAL_Driver/Src/stm32l4xx_hal_i2c.o
 .text.I2C_Flush_TXDR
                0x08009a3c       0x48 ./Drivers/STM32L4xx_HAL_Driver/Src/stm32l4xx_hal_i2c.o
 .text.I2C_WaitOnFlagUntilTimeout
                0x08009a84       0xb2 ./Drivers/STM32L4xx_HAL_Driver/Src/stm32l4xx_hal_i2c.o
 .text.I2C_WaitOnTXISFlagUntilTimeout
                0x08009b36       0x8e ./Drivers/STM32L4xx_HAL_Driver/Src/stm32l4xx_hal_i2c.o
 .text.I2C_WaitOnSTOPFlagUntilTimeout
                0x08009bc4       0x86 ./Drivers/STM32L4xx_HAL_Driver/Src/stm32l4xx_hal_i2c.o
 *fill*         0x08009c4a        0x2 
 .text.I2C_IsErrorOccurred
                0x08009c4c      0x1c0 ./Drivers/STM32L4xx_HAL_Driver/Src/stm32l4xx_hal_i2c.o
 .text.I2C_TransferConfig
                0x08009e0c       0x64 ./Drivers/STM32L4xx_HAL_Driver/Src/stm32l4xx_hal_i2c.o
 .text.HAL_I2CEx_ConfigAnalogFilter
                0x08009e70       0x96 ./Drivers/STM32L4xx_HAL_Driver/Src/stm32l4xx_hal_i2c_ex.o
                0x08009e70                HAL_I2CEx_ConfigAnalogFilter
 .text.HAL_I2CEx_ConfigDigitalFilter
                0x08009f06       0x98 ./Drivers/STM32L4xx_HAL_Driver/Src/stm32l4xx_hal_i2c_ex.o
                0x08009f06                HAL_I2CEx_ConfigDigitalFilter
 *fill*         0x08009f9e        0x2 
 .text.HAL_PWREx_GetVoltageRange
                0x08009fa0       0x1c ./Drivers/STM32L4xx_HAL_Driver/Src/stm32l4xx_hal_pwr_ex.o
                0x08009fa0                HAL_PWREx_GetVoltageRange
 .text.HAL_PWREx_ControlVoltageScaling
                0x08009fbc       0xac ./Drivers/STM32L4xx_HAL_Driver/Src/stm32l4xx_hal_pwr_ex.o
                0x08009fbc                HAL_PWREx_ControlVoltageScaling
 .text.HAL_RCC_DeInit
                0x0800a068      0x120 ./Drivers/STM32L4xx_HAL_Driver/Src/stm32l4xx_hal_rcc.o
                0x0800a068                HAL_RCC_DeInit
 .text.HAL_RCC_OscConfig
                0x0800a188      0x8c4 ./Drivers/STM32L4xx_HAL_Driver/Src/stm32l4xx_hal_rcc.o
                0x0800a188                HAL_RCC_OscConfig
 .text.HAL_RCC_ClockConfig
                0x0800aa4c      0x200 ./Drivers/STM32L4xx_HAL_Driver/Src/stm32l4xx_hal_rcc.o
                0x0800aa4c                HAL_RCC_ClockConfig
 .text.HAL_RCC_GetSysClockFreq
                0x0800ac4c      0x118 ./Drivers/STM32L4xx_HAL_Driver/Src/stm32l4xx_hal_rcc.o
                0x0800ac4c                HAL_RCC_GetSysClockFreq
 .text.HAL_RCC_GetHCLKFreq
                0x0800ad64       0x18 ./Drivers/STM32L4xx_HAL_Driver/Src/stm32l4xx_hal_rcc.o
                0x0800ad64                HAL_RCC_GetHCLKFreq
 .text.HAL_RCC_GetPCLK1Freq
                0x0800ad7c       0x2c ./Drivers/STM32L4xx_HAL_Driver/Src/stm32l4xx_hal_rcc.o
                0x0800ad7c                HAL_RCC_GetPCLK1Freq
 .text.HAL_RCC_GetPCLK2Freq
                0x0800ada8       0x2c ./Drivers/STM32L4xx_HAL_Driver/Src/stm32l4xx_hal_rcc.o
                0x0800ada8                HAL_RCC_GetPCLK2Freq
 .text.RCC_SetFlashLatencyFromMSIRange
                0x0800add4       0xc0 ./Drivers/STM32L4xx_HAL_Driver/Src/stm32l4xx_hal_rcc.o
 .text.HAL_RCCEx_PeriphCLKConfig
                0x0800ae94      0x30c ./Drivers/STM32L4xx_HAL_Driver/Src/stm32l4xx_hal_rcc_ex.o
                0x0800ae94                HAL_RCCEx_PeriphCLKConfig
 .text.HAL_TIM_Base_Init
                0x0800b1a0       0xae ./Drivers/STM32L4xx_HAL_Driver/Src/stm32l4xx_hal_tim.o
                0x0800b1a0                HAL_TIM_Base_Init
 *fill*         0x0800b24e        0x2 
 .text.HAL_TIM_Base_Start_IT
                0x0800b250       0xa8 ./Drivers/STM32L4xx_HAL_Driver/Src/stm32l4xx_hal_tim.o
                0x0800b250                HAL_TIM_Base_Start_IT
 .text.HAL_TIM_IRQHandler
                0x0800b2f8      0x20e ./Drivers/STM32L4xx_HAL_Driver/Src/stm32l4xx_hal_tim.o
                0x0800b2f8                HAL_TIM_IRQHandler
 .text.HAL_TIM_ConfigClockSource
                0x0800b506      0x192 ./Drivers/STM32L4xx_HAL_Driver/Src/stm32l4xx_hal_tim.o
                0x0800b506                HAL_TIM_ConfigClockSource
 .text.HAL_TIM_OC_DelayElapsedCallback
                0x0800b698       0x14 ./Drivers/STM32L4xx_HAL_Driver/Src/stm32l4xx_hal_tim.o
                0x0800b698                HAL_TIM_OC_DelayElapsedCallback
 .text.HAL_TIM_IC_CaptureCallback
                0x0800b6ac       0x14 ./Drivers/STM32L4xx_HAL_Driver/Src/stm32l4xx_hal_tim.o
                0x0800b6ac                HAL_TIM_IC_CaptureCallback
 .text.HAL_TIM_PWM_PulseFinishedCallback
                0x0800b6c0       0x14 ./Drivers/STM32L4xx_HAL_Driver/Src/stm32l4xx_hal_tim.o
                0x0800b6c0                HAL_TIM_PWM_PulseFinishedCallback
 .text.HAL_TIM_TriggerCallback
                0x0800b6d4       0x14 ./Drivers/STM32L4xx_HAL_Driver/Src/stm32l4xx_hal_tim.o
                0x0800b6d4                HAL_TIM_TriggerCallback
 .text.TIM_Base_SetConfig
                0x0800b6e8       0xe0 ./Drivers/STM32L4xx_HAL_Driver/Src/stm32l4xx_hal_tim.o
                0x0800b6e8                TIM_Base_SetConfig
 .text.TIM_TI1_ConfigInputStage
                0x0800b7c8       0x5e ./Drivers/STM32L4xx_HAL_Driver/Src/stm32l4xx_hal_tim.o
 .text.TIM_TI2_ConfigInputStage
                0x0800b826       0x60 ./Drivers/STM32L4xx_HAL_Driver/Src/stm32l4xx_hal_tim.o
 .text.TIM_ITRx_SetConfig
                0x0800b886       0x36 ./Drivers/STM32L4xx_HAL_Driver/Src/stm32l4xx_hal_tim.o
 .text.TIM_ETR_SetConfig
                0x0800b8bc       0x40 ./Drivers/STM32L4xx_HAL_Driver/Src/stm32l4xx_hal_tim.o
                0x0800b8bc                TIM_ETR_SetConfig
 .text.HAL_TIMEx_MasterConfigSynchronization
                0x0800b8fc       0xcc ./Drivers/STM32L4xx_HAL_Driver/Src/stm32l4xx_hal_tim_ex.o
                0x0800b8fc                HAL_TIMEx_MasterConfigSynchronization
 .text.HAL_TIMEx_CommutCallback
                0x0800b9c8       0x14 ./Drivers/STM32L4xx_HAL_Driver/Src/stm32l4xx_hal_tim_ex.o
                0x0800b9c8                HAL_TIMEx_CommutCallback
 .text.HAL_TIMEx_BreakCallback
                0x0800b9dc       0x14 ./Drivers/STM32L4xx_HAL_Driver/Src/stm32l4xx_hal_tim_ex.o
                0x0800b9dc                HAL_TIMEx_BreakCallback
 .text.HAL_TIMEx_Break2Callback
                0x0800b9f0       0x14 ./Drivers/STM32L4xx_HAL_Driver/Src/stm32l4xx_hal_tim_ex.o
                0x0800b9f0                HAL_TIMEx_Break2Callback
 .text.HAL_UART_Init
                0x0800ba04       0x9c ./Drivers/STM32L4xx_HAL_Driver/Src/stm32l4xx_hal_uart.o
                0x0800ba04                HAL_UART_Init
 .text.HAL_UART_Transmit
                0x0800baa0      0x112 ./Drivers/STM32L4xx_HAL_Driver/Src/stm32l4xx_hal_uart.o
                0x0800baa0                HAL_UART_Transmit
 .text.HAL_UART_DMAStop
                0x0800bbb2      0x124 ./Drivers/STM32L4xx_HAL_Driver/Src/stm32l4xx_hal_uart.o
                0x0800bbb2                HAL_UART_DMAStop
 *fill*         0x0800bcd6        0x2 
 .text.HAL_UART_IRQHandler
                0x0800bcd8      0x60c ./Drivers/STM32L4xx_HAL_Driver/Src/stm32l4xx_hal_uart.o
                0x0800bcd8                HAL_UART_IRQHandler
 .text.HAL_UART_TxCpltCallback
                0x0800c2e4       0x14 ./Drivers/STM32L4xx_HAL_Driver/Src/stm32l4xx_hal_uart.o
                0x0800c2e4                HAL_UART_TxCpltCallback
 .text.HAL_UART_RxCpltCallback
                0x0800c2f8       0x14 ./Drivers/STM32L4xx_HAL_Driver/Src/stm32l4xx_hal_uart.o
                0x0800c2f8                HAL_UART_RxCpltCallback
 .text.HAL_UART_RxHalfCpltCallback
                0x0800c30c       0x14 ./Drivers/STM32L4xx_HAL_Driver/Src/stm32l4xx_hal_uart.o
                0x0800c30c                HAL_UART_RxHalfCpltCallback
 .text.HAL_UART_ErrorCallback
                0x0800c320       0x14 ./Drivers/STM32L4xx_HAL_Driver/Src/stm32l4xx_hal_uart.o
                0x0800c320                HAL_UART_ErrorCallback
 .text.UART_SetConfig
                0x0800c334      0x4b4 ./Drivers/STM32L4xx_HAL_Driver/Src/stm32l4xx_hal_uart.o
                0x0800c334                UART_SetConfig
 .text.UART_AdvFeatureConfig
                0x0800c7e8      0x144 ./Drivers/STM32L4xx_HAL_Driver/Src/stm32l4xx_hal_uart.o
                0x0800c7e8                UART_AdvFeatureConfig
 .text.UART_CheckIdleState
                0x0800c92c      0x150 ./Drivers/STM32L4xx_HAL_Driver/Src/stm32l4xx_hal_uart.o
                0x0800c92c                UART_CheckIdleState
 .text.UART_WaitOnFlagUntilTimeout
                0x0800ca7c       0xda ./Drivers/STM32L4xx_HAL_Driver/Src/stm32l4xx_hal_uart.o
                0x0800ca7c                UART_WaitOnFlagUntilTimeout
 *fill*         0x0800cb56        0x2 
 .text.UART_Start_Receive_DMA
                0x0800cb58      0x140 ./Drivers/STM32L4xx_HAL_Driver/Src/stm32l4xx_hal_uart.o
                0x0800cb58                UART_Start_Receive_DMA
 .text.UART_EndTxTransfer
                0x0800cc98       0x4c ./Drivers/STM32L4xx_HAL_Driver/Src/stm32l4xx_hal_uart.o
 .text.UART_EndRxTransfer
                0x0800cce4       0xc8 ./Drivers/STM32L4xx_HAL_Driver/Src/stm32l4xx_hal_uart.o
 .text.UART_DMAReceiveCplt
                0x0800cdac      0x12c ./Drivers/STM32L4xx_HAL_Driver/Src/stm32l4xx_hal_uart.o
 .text.UART_DMARxHalfCplt
                0x0800ced8       0x3e ./Drivers/STM32L4xx_HAL_Driver/Src/stm32l4xx_hal_uart.o
 .text.UART_DMAError
                0x0800cf16       0x7e ./Drivers/STM32L4xx_HAL_Driver/Src/stm32l4xx_hal_uart.o
 .text.UART_DMAAbortOnError
                0x0800cf94       0x2c ./Drivers/STM32L4xx_HAL_Driver/Src/stm32l4xx_hal_uart.o
 .text.UART_EndTransmit_IT
                0x0800cfc0       0x54 ./Drivers/STM32L4xx_HAL_Driver/Src/stm32l4xx_hal_uart.o
 .text.HAL_UARTEx_WakeupCallback
                0x0800d014       0x14 ./Drivers/STM32L4xx_HAL_Driver/Src/stm32l4xx_hal_uart_ex.o
                0x0800d014                HAL_UARTEx_WakeupCallback
 .text.HAL_UARTEx_ReceiveToIdle_DMA
                0x0800d028       0xa8 ./Drivers/STM32L4xx_HAL_Driver/Src/stm32l4xx_hal_uart_ex.o
                0x0800d028                HAL_UARTEx_ReceiveToIdle_DMA
 .text.memset   0x0800d0d0       0x10 C:/ST/STM32CubeIDE_1.19.0/STM32CubeIDE/plugins/com.st.stm32cube.ide.mcu.externaltools.gnu-tools-for-stm32.13.3.rel1.win32_1.0.0.202411081344/tools/bin/../lib/gcc/arm-none-eabi/13.3.1/../../../../arm-none-eabi/lib/thumb/v7e-m+fp/hard\libc_nano.a(libc_a-memset.o)
                0x0800d0d0                memset
 .text.__libc_init_array
                0x0800d0e0       0x48 C:/ST/STM32CubeIDE_1.19.0/STM32CubeIDE/plugins/com.st.stm32cube.ide.mcu.externaltools.gnu-tools-for-stm32.13.3.rel1.win32_1.0.0.202411081344/tools/bin/../lib/gcc/arm-none-eabi/13.3.1/../../../../arm-none-eabi/lib/thumb/v7e-m+fp/hard\libc_nano.a(libc_a-init.o)
                0x0800d0e0                __libc_init_array
 .text.memcpy   0x0800d128       0x1c C:/ST/STM32CubeIDE_1.19.0/STM32CubeIDE/plugins/com.st.stm32cube.ide.mcu.externaltools.gnu-tools-for-stm32.13.3.rel1.win32_1.0.0.202411081344/tools/bin/../lib/gcc/arm-none-eabi/13.3.1/../../../../arm-none-eabi/lib/thumb/v7e-m+fp/hard\libc_nano.a(libc_a-memcpy-stub.o)
                0x0800d128                memcpy
 *(.glue_7)
 .glue_7        0x0800d144        0x0 linker stubs
 *(.glue_7t)
 .glue_7t       0x0800d144        0x0 linker stubs
 *(.eh_frame)
 .eh_frame      0x0800d144        0x0 C:/ST/STM32CubeIDE_1.19.0/STM32CubeIDE/plugins/com.st.stm32cube.ide.mcu.externaltools.gnu-tools-for-stm32.13.3.rel1.win32_1.0.0.202411081344/tools/bin/../lib/gcc/arm-none-eabi/13.3.1/thumb/v7e-m+fp/hard/crtbegin.o
 *(.init)
 .init          0x0800d144        0x4 C:/ST/STM32CubeIDE_1.19.0/STM32CubeIDE/plugins/com.st.stm32cube.ide.mcu.externaltools.gnu-tools-for-stm32.13.3.rel1.win32_1.0.0.202411081344/tools/bin/../lib/gcc/arm-none-eabi/13.3.1/thumb/v7e-m+fp/hard/crti.o
                0x0800d144                _init
 .init          0x0800d148        0x8 C:/ST/STM32CubeIDE_1.19.0/STM32CubeIDE/plugins/com.st.stm32cube.ide.mcu.externaltools.gnu-tools-for-stm32.13.3.rel1.win32_1.0.0.202411081344/tools/bin/../lib/gcc/arm-none-eabi/13.3.1/thumb/v7e-m+fp/hard/crtn.o
 *(.fini)
 .fini          0x0800d150        0x4 C:/ST/STM32CubeIDE_1.19.0/STM32CubeIDE/plugins/com.st.stm32cube.ide.mcu.externaltools.gnu-tools-for-stm32.13.3.rel1.win32_1.0.0.202411081344/tools/bin/../lib/gcc/arm-none-eabi/13.3.1/thumb/v7e-m+fp/hard/crti.o
                0x0800d150                _fini
 .fini          0x0800d154        0x8 C:/ST/STM32CubeIDE_1.19.0/STM32CubeIDE/plugins/com.st.stm32cube.ide.mcu.externaltools.gnu-tools-for-stm32.13.3.rel1.win32_1.0.0.202411081344/tools/bin/../lib/gcc/arm-none-eabi/13.3.1/thumb/v7e-m+fp/hard/crtn.o
                0x0800d15c                        . = ALIGN (0x4)
                0x0800d15c                        _etext = .

.vfp11_veneer   0x0800d15c        0x0
 .vfp11_veneer  0x0800d15c        0x0 linker stubs

.v4_bx          0x0800d15c        0x0
 .v4_bx         0x0800d15c        0x0 linker stubs

.iplt           0x0800d15c        0x0
 .iplt          0x0800d15c        0x0 C:/ST/STM32CubeIDE_1.19.0/STM32CubeIDE/plugins/com.st.stm32cube.ide.mcu.externaltools.gnu-tools-for-stm32.13.3.rel1.win32_1.0.0.202411081344/tools/bin/../lib/gcc/arm-none-eabi/13.3.1/thumb/v7e-m+fp/hard/crtbegin.o

.rodata         0x0800d15c       0x48
                0x0800d15c                        . = ALIGN (0x4)
 *(.rodata)
 *(.rodata*)
 .rodata.AHBPrescTable
                0x0800d15c       0x10 ./Core/Src/system_stm32l4xx.o
                0x0800d15c                AHBPrescTable
 .rodata.APBPrescTable
                0x0800d16c        0x8 ./Core/Src/system_stm32l4xx.o
                0x0800d16c                APBPrescTable
 .rodata.MSIRangeTable
                0x0800d174       0x30 ./Core/Src/system_stm32l4xx.o
                0x0800d174                MSIRangeTable
                0x0800d1a4                        . = ALIGN (0x4)

.ARM.extab      0x0800d1a4        0x0
                0x0800d1a4                        . = ALIGN (0x4)
 *(.ARM.extab* .gnu.linkonce.armextab.*)
                0x0800d1a4                        . = ALIGN (0x4)

.ARM            0x0800d1a4        0x8
                0x0800d1a4                        . = ALIGN (0x4)
                0x0800d1a4                        __exidx_start = .
 *(.ARM.exidx*)
 .ARM.exidx     0x0800d1a4        0x8 C:/ST/STM32CubeIDE_1.19.0/STM32CubeIDE/plugins/com.st.stm32cube.ide.mcu.externaltools.gnu-tools-for-stm32.13.3.rel1.win32_1.0.0.202411081344/tools/bin/../lib/gcc/arm-none-eabi/13.3.1/thumb/v7e-m+fp/hard\libgcc.a(_udivmoddi4.o)
                0x0800d1ac                        __exidx_end = .
                0x0800d1ac                        . = ALIGN (0x4)

.preinit_array  0x0800d1ac        0x0
                0x0800d1ac                        . = ALIGN (0x4)
                0x0800d1ac                        PROVIDE (__preinit_array_start = .)
 *(.preinit_array*)
                0x0800d1ac                        PROVIDE (__preinit_array_end = .)
                0x0800d1ac                        . = ALIGN (0x4)

.init_array     0x0800d1ac        0x4
                0x0800d1ac                        . = ALIGN (0x4)
                0x0800d1ac                        PROVIDE (__init_array_start = .)
 *(SORT_BY_NAME(.init_array.*))
 *(.init_array*)
 .init_array    0x0800d1ac        0x4 C:/ST/STM32CubeIDE_1.19.0/STM32CubeIDE/plugins/com.st.stm32cube.ide.mcu.externaltools.gnu-tools-for-stm32.13.3.rel1.win32_1.0.0.202411081344/tools/bin/../lib/gcc/arm-none-eabi/13.3.1/thumb/v7e-m+fp/hard/crtbegin.o
                0x0800d1b0                        PROVIDE (__init_array_end = .)
                0x0800d1b0                        . = ALIGN (0x4)

.fini_array     0x0800d1b0        0x4
                0x0800d1b0                        . = ALIGN (0x4)
                [!provide]                        PROVIDE (__fini_array_start = .)
 *(SORT_BY_NAME(.fini_array.*))
 *(.fini_array*)
 .fini_array    0x0800d1b0        0x4 C:/ST/STM32CubeIDE_1.19.0/STM32CubeIDE/plugins/com.st.stm32cube.ide.mcu.externaltools.gnu-tools-for-stm32.13.3.rel1.win32_1.0.0.202411081344/tools/bin/../lib/gcc/arm-none-eabi/13.3.1/thumb/v7e-m+fp/hard/crtbegin.o
                [!provide]                        PROVIDE (__fini_array_end = .)
                0x0800d1b4                        . = ALIGN (0x4)
                0x0800d1b4                        _sidata = LOADADDR (.data)

.rel.dyn        0x0800d1b4        0x0
 .rel.iplt      0x0800d1b4        0x0 C:/ST/STM32CubeIDE_1.19.0/STM32CubeIDE/plugins/com.st.stm32cube.ide.mcu.externaltools.gnu-tools-for-stm32.13.3.rel1.win32_1.0.0.202411081344/tools/bin/../lib/gcc/arm-none-eabi/13.3.1/thumb/v7e-m+fp/hard/crtbegin.o

.data           0x20000000        0xc load address 0x0800d1b4
                0x20000000                        . = ALIGN (0x4)
                0x20000000                        _sdata = .
 *(.data)
 *(.data*)
 .data.SystemCoreClock
                0x20000000        0x4 ./Core/Src/system_stm32l4xx.o
                0x20000000                SystemCoreClock
 .data.uwTickPrio
                0x20000004        0x4 ./Drivers/STM32L4xx_HAL_Driver/Src/stm32l4xx_hal.o
                0x20000004                uwTickPrio
 .data.uwTickFreq
                0x20000008        0x1 ./Drivers/STM32L4xx_HAL_Driver/Src/stm32l4xx_hal.o
                0x20000008                uwTickFreq
 *(.RamFunc)
 *(.RamFunc*)
                0x2000000c                        . = ALIGN (0x4)
 *fill*         0x20000009        0x3 
                0x2000000c                        _edata = .

.igot.plt       0x2000000c        0x0 load address 0x0800d1c0
 .igot.plt      0x2000000c        0x0 C:/ST/STM32CubeIDE_1.19.0/STM32CubeIDE/plugins/com.st.stm32cube.ide.mcu.externaltools.gnu-tools-for-stm32.13.3.rel1.win32_1.0.0.202411081344/tools/bin/../lib/gcc/arm-none-eabi/13.3.1/thumb/v7e-m+fp/hard/crtbegin.o
                0x2000000c                        . = ALIGN (0x4)

.bss            0x2000000c      0x8b0 load address 0x0800d1c0
                0x2000000c                        _sbss = .
                0x2000000c                        __bss_start__ = _sbss
 *(.bss)
 .bss           0x2000000c       0x1c C:/ST/STM32CubeIDE_1.19.0/STM32CubeIDE/plugins/com.st.stm32cube.ide.mcu.externaltools.gnu-tools-for-stm32.13.3.rel1.win32_1.0.0.202411081344/tools/bin/../lib/gcc/arm-none-eabi/13.3.1/thumb/v7e-m+fp/hard/crtbegin.o
 *(.bss*)
 .bss.I2C_HI2C  0x20000028        0x8 ./Core/Src/24LC16B.o
                0x20000028                I2C_HI2C
 .bss.tConfig   0x20000030       0x44 ./Core/Src/Config.o
                0x20000030                tConfig
 .bss.tPdCtrl   0x20000074       0x10 ./Core/Src/Ext_IO.o
                0x20000074                tPdCtrl
 .bss.tLdCtrl   0x20000084       0x10 ./Core/Src/Ext_IO.o
                0x20000084                tLdCtrl
 .bss.tHvCtrl   0x20000094       0x10 ./Core/Src/Ext_IO.o
                0x20000094                tHvCtrl
 .bss.tSiPmCtrl
                0x200000a4       0x10 ./Core/Src/Ext_IO.o
                0x200000a4                tSiPmCtrl
 .bss.tFan      0x200000b4       0x18 ./Core/Src/Fan.o
                0x200000b4                tFan
 .bss.tParam    0x200000cc       0xf0 ./Core/Src/Parameter.o
                0x200000cc                tParam
 .bss.tPmResult1
                0x200001bc       0xc0 ./Core/Src/Process.o
                0x200001bc                tPmResult1
 .bss.tPmResult2
                0x2000027c       0x10 ./Core/Src/Process.o
                0x2000027c                tPmResult2
 .bss.tSysState
                0x2000028c       0x20 ./Core/Src/Process.o
                0x2000028c                tSysState
 .bss.tSysTime  0x200002ac       0x28 ./Core/Src/Process.o
                0x200002ac                tSysTime
 .bss.m_BITProcSeq
                0x200002d4        0x1 ./Core/Src/Process.o
                0x200002d4                m_BITProcSeq
 .bss.m_SysProcSeq
                0x200002d5        0x1 ./Core/Src/Process.o
                0x200002d5                m_SysProcSeq
 .bss.m_MaxPeckAdVal
                0x200002d6        0x2 ./Core/Src/Process.o
                0x200002d6                m_MaxPeckAdVal
 .bss.m_MaxPeckAdVal2
                0x200002d8        0x2 ./Core/Src/Process.o
                0x200002d8                m_MaxPeckAdVal2
 .bss.m_PeckPDAdVal
                0x200002da        0x2 ./Core/Src/Process.o
                0x200002da                m_PeckPDAdVal
 .bss.m_PeckSiPMAdVal
                0x200002dc        0x2 ./Core/Src/Process.o
                0x200002dc                m_PeckSiPMAdVal
 .bss.m_FlagDectPeckOn
                0x200002de        0x1 ./Core/Src/Process.o
                0x200002de                m_FlagDectPeckOn
 .bss.m_FlagDectPeckOn2
                0x200002df        0x1 ./Core/Src/Process.o
                0x200002df                m_FlagDectPeckOn2
 .bss.m_FlagAdcSendOn
                0x200002e0        0x1 ./Core/Src/Process.o
                0x200002e0                m_FlagAdcSendOn
 *fill*         0x200002e1        0x3 
 .bss.tUartMsg  0x200002e4      0x289 ./Core/Src/Uart.o
                0x200002e4                tUartMsg
 *fill*         0x2000056d        0x3 
 .bss.tMsgPkt   0x20000570      0x10b ./Core/Src/Uart.o
                0x20000570                tMsgPkt
 *fill*         0x2000067b        0x1 
 .bss.Adc_Temp  0x2000067c       0x20 ./Core/Src/main.o
                0x2000067c                Adc_Temp
 .bss.hadc1     0x2000069c       0x64 ./Core/Src/main.o
                0x2000069c                hadc1
 .bss.hdma_adc1
                0x20000700       0x48 ./Core/Src/main.o
                0x20000700                hdma_adc1
 .bss.hi2c1     0x20000748       0x54 ./Core/Src/main.o
                0x20000748                hi2c1
 .bss.htim2     0x2000079c       0x4c ./Core/Src/main.o
                0x2000079c                htim2
 .bss.huart1    0x200007e8       0x88 ./Core/Src/main.o
                0x200007e8                huart1
 .bss.hdma_usart1_rx
                0x20000870       0x48 ./Core/Src/main.o
                0x20000870                hdma_usart1_rx
 .bss.uwTick    0x200008b8        0x4 ./Drivers/STM32L4xx_HAL_Driver/Src/stm32l4xx_hal.o
                0x200008b8                uwTick
 *(COMMON)
                0x200008bc                        . = ALIGN (0x4)
                0x200008bc                        _ebss = .
                0x200008bc                        __bss_end__ = _ebss

._user_heap_stack
                0x200008bc      0x604 load address 0x0800d1c0
                0x200008c0                        . = ALIGN (0x8)
 *fill*         0x200008bc        0x4 
                [!provide]                        PROVIDE (end = .)
                0x200008c0                        PROVIDE (_end = .)
                0x20000ac0                        . = (. + _Min_Heap_Size)
 *fill*         0x200008c0      0x200 
                0x20000ec0                        . = (. + _Min_Stack_Size)
 *fill*         0x20000ac0      0x400 
                0x20000ec0                        . = ALIGN (0x8)

/DISCARD/
 libc.a(*)
 libm.a(*)
 libgcc.a(*)

.ARM.attributes
                0x00000000       0x30
 *(.ARM.attributes)
 .ARM.attributes
                0x00000000       0x22 C:/ST/STM32CubeIDE_1.19.0/STM32CubeIDE/plugins/com.st.stm32cube.ide.mcu.externaltools.gnu-tools-for-stm32.13.3.rel1.win32_1.0.0.202411081344/tools/bin/../lib/gcc/arm-none-eabi/13.3.1/thumb/v7e-m+fp/hard/crti.o
 .ARM.attributes
                0x00000022       0x34 C:/ST/STM32CubeIDE_1.19.0/STM32CubeIDE/plugins/com.st.stm32cube.ide.mcu.externaltools.gnu-tools-for-stm32.13.3.rel1.win32_1.0.0.202411081344/tools/bin/../lib/gcc/arm-none-eabi/13.3.1/thumb/v7e-m+fp/hard/crtbegin.o
 .ARM.attributes
                0x00000056       0x34 ./Core/Src/24LC16B.o
 .ARM.attributes
                0x0000008a       0x34 ./Core/Src/Config.o
 .ARM.attributes
                0x000000be       0x34 ./Core/Src/Ext_IO.o
 .ARM.attributes
                0x000000f2       0x34 ./Core/Src/Fan.o
 .ARM.attributes
                0x00000126       0x34 ./Core/Src/Mesaure.o
 .ARM.attributes
                0x0000015a       0x34 ./Core/Src/Parameter.o
 .ARM.attributes
                0x0000018e       0x34 ./Core/Src/Process.o
 .ARM.attributes
                0x000001c2       0x34 ./Core/Src/Uart.o
 .ARM.attributes
                0x000001f6       0x34 ./Core/Src/main.o
 .ARM.attributes
                0x0000022a       0x34 ./Core/Src/stm32l4xx_hal_msp.o
 .ARM.attributes
                0x0000025e       0x34 ./Core/Src/stm32l4xx_it.o
 .ARM.attributes
                0x00000292       0x34 ./Core/Src/system_stm32l4xx.o
 .ARM.attributes
                0x000002c6       0x21 ./Core/Startup/startup_stm32l412kbux.o
 .ARM.attributes
                0x000002e7       0x34 ./Drivers/STM32L4xx_HAL_Driver/Src/stm32l4xx_hal.o
 .ARM.attributes
                0x0000031b       0x34 ./Drivers/STM32L4xx_HAL_Driver/Src/stm32l4xx_hal_adc.o
 .ARM.attributes
                0x0000034f       0x34 ./Drivers/STM32L4xx_HAL_Driver/Src/stm32l4xx_hal_adc_ex.o
 .ARM.attributes
                0x00000383       0x34 ./Drivers/STM32L4xx_HAL_Driver/Src/stm32l4xx_hal_cortex.o
 .ARM.attributes
                0x000003b7       0x34 ./Drivers/STM32L4xx_HAL_Driver/Src/stm32l4xx_hal_dma.o
 .ARM.attributes
                0x000003eb       0x34 ./Drivers/STM32L4xx_HAL_Driver/Src/stm32l4xx_hal_gpio.o
 .ARM.attributes
                0x0000041f       0x34 ./Drivers/STM32L4xx_HAL_Driver/Src/stm32l4xx_hal_i2c.o
 .ARM.attributes
                0x00000453       0x34 ./Drivers/STM32L4xx_HAL_Driver/Src/stm32l4xx_hal_i2c_ex.o
 .ARM.attributes
                0x00000487       0x34 ./Drivers/STM32L4xx_HAL_Driver/Src/stm32l4xx_hal_pwr_ex.o
 .ARM.attributes
                0x000004bb       0x34 ./Drivers/STM32L4xx_HAL_Driver/Src/stm32l4xx_hal_rcc.o
 .ARM.attributes
                0x000004ef       0x34 ./Drivers/STM32L4xx_HAL_Driver/Src/stm32l4xx_hal_rcc_ex.o
 .ARM.attributes
                0x00000523       0x34 ./Drivers/STM32L4xx_HAL_Driver/Src/stm32l4xx_hal_tim.o
 .ARM.attributes
                0x00000557       0x34 ./Drivers/STM32L4xx_HAL_Driver/Src/stm32l4xx_hal_tim_ex.o
 .ARM.attributes
                0x0000058b       0x34 ./Drivers/STM32L4xx_HAL_Driver/Src/stm32l4xx_hal_uart.o
 .ARM.attributes
                0x000005bf       0x34 ./Drivers/STM32L4xx_HAL_Driver/Src/stm32l4xx_hal_uart_ex.o
 .ARM.attributes
                0x000005f3       0x34 C:/ST/STM32CubeIDE_1.19.0/STM32CubeIDE/plugins/com.st.stm32cube.ide.mcu.externaltools.gnu-tools-for-stm32.13.3.rel1.win32_1.0.0.202411081344/tools/bin/../lib/gcc/arm-none-eabi/13.3.1/../../../../arm-none-eabi/lib/thumb/v7e-m+fp/hard\libc_nano.a(libc_a-memset.o)
 .ARM.attributes
                0x00000627       0x34 C:/ST/STM32CubeIDE_1.19.0/STM32CubeIDE/plugins/com.st.stm32cube.ide.mcu.externaltools.gnu-tools-for-stm32.13.3.rel1.win32_1.0.0.202411081344/tools/bin/../lib/gcc/arm-none-eabi/13.3.1/../../../../arm-none-eabi/lib/thumb/v7e-m+fp/hard\libc_nano.a(libc_a-init.o)
 .ARM.attributes
                0x0000065b       0x34 C:/ST/STM32CubeIDE_1.19.0/STM32CubeIDE/plugins/com.st.stm32cube.ide.mcu.externaltools.gnu-tools-for-stm32.13.3.rel1.win32_1.0.0.202411081344/tools/bin/../lib/gcc/arm-none-eabi/13.3.1/../../../../arm-none-eabi/lib/thumb/v7e-m+fp/hard\libc_nano.a(libc_a-memcpy-stub.o)
 .ARM.attributes
                0x0000068f       0x22 C:/ST/STM32CubeIDE_1.19.0/STM32CubeIDE/plugins/com.st.stm32cube.ide.mcu.externaltools.gnu-tools-for-stm32.13.3.rel1.win32_1.0.0.202411081344/tools/bin/../lib/gcc/arm-none-eabi/13.3.1/thumb/v7e-m+fp/hard\libgcc.a(_arm_addsubdf3.o)
 .ARM.attributes
                0x000006b1       0x22 C:/ST/STM32CubeIDE_1.19.0/STM32CubeIDE/plugins/com.st.stm32cube.ide.mcu.externaltools.gnu-tools-for-stm32.13.3.rel1.win32_1.0.0.202411081344/tools/bin/../lib/gcc/arm-none-eabi/13.3.1/thumb/v7e-m+fp/hard\libgcc.a(_arm_muldivdf3.o)
 .ARM.attributes
                0x000006d3       0x22 C:/ST/STM32CubeIDE_1.19.0/STM32CubeIDE/plugins/com.st.stm32cube.ide.mcu.externaltools.gnu-tools-for-stm32.13.3.rel1.win32_1.0.0.202411081344/tools/bin/../lib/gcc/arm-none-eabi/13.3.1/thumb/v7e-m+fp/hard\libgcc.a(_arm_truncdfsf2.o)
 .ARM.attributes
                0x000006f5       0x22 C:/ST/STM32CubeIDE_1.19.0/STM32CubeIDE/plugins/com.st.stm32cube.ide.mcu.externaltools.gnu-tools-for-stm32.13.3.rel1.win32_1.0.0.202411081344/tools/bin/../lib/gcc/arm-none-eabi/13.3.1/thumb/v7e-m+fp/hard\libgcc.a(_aeabi_uldivmod.o)
 .ARM.attributes
                0x00000717       0x34 C:/ST/STM32CubeIDE_1.19.0/STM32CubeIDE/plugins/com.st.stm32cube.ide.mcu.externaltools.gnu-tools-for-stm32.13.3.rel1.win32_1.0.0.202411081344/tools/bin/../lib/gcc/arm-none-eabi/13.3.1/thumb/v7e-m+fp/hard\libgcc.a(_udivmoddi4.o)
 .ARM.attributes
                0x0000074b       0x22 C:/ST/STM32CubeIDE_1.19.0/STM32CubeIDE/plugins/com.st.stm32cube.ide.mcu.externaltools.gnu-tools-for-stm32.13.3.rel1.win32_1.0.0.202411081344/tools/bin/../lib/gcc/arm-none-eabi/13.3.1/thumb/v7e-m+fp/hard\libgcc.a(_dvmd_tls.o)
 .ARM.attributes
                0x0000076d       0x22 C:/ST/STM32CubeIDE_1.19.0/STM32CubeIDE/plugins/com.st.stm32cube.ide.mcu.externaltools.gnu-tools-for-stm32.13.3.rel1.win32_1.0.0.202411081344/tools/bin/../lib/gcc/arm-none-eabi/13.3.1/thumb/v7e-m+fp/hard/crtn.o
OUTPUT(HSE_Sensor_V09.elf elf32-littlearm)
LOAD linker stubs
LOAD C:/ST/STM32CubeIDE_1.19.0/STM32CubeIDE/plugins/com.st.stm32cube.ide.mcu.externaltools.gnu-tools-for-stm32.13.3.rel1.win32_1.0.0.202411081344/tools/bin/../lib/gcc/arm-none-eabi/13.3.1/../../../../arm-none-eabi/lib/thumb/v7e-m+fp/hard\libc.a
LOAD C:/ST/STM32CubeIDE_1.19.0/STM32CubeIDE/plugins/com.st.stm32cube.ide.mcu.externaltools.gnu-tools-for-stm32.13.3.rel1.win32_1.0.0.202411081344/tools/bin/../lib/gcc/arm-none-eabi/13.3.1/../../../../arm-none-eabi/lib/thumb/v7e-m+fp/hard\libm.a
LOAD C:/ST/STM32CubeIDE_1.19.0/STM32CubeIDE/plugins/com.st.stm32cube.ide.mcu.externaltools.gnu-tools-for-stm32.13.3.rel1.win32_1.0.0.202411081344/tools/bin/../lib/gcc/arm-none-eabi/13.3.1/thumb/v7e-m+fp/hard\libgcc.a

.debug_info     0x00000000    0x1d9f5
 .debug_info    0x00000000      0xad4 ./Core/Src/24LC16B.o
 .debug_info    0x00000ad4      0x1a7 ./Core/Src/Config.o
 .debug_info    0x00000c7b      0x56c ./Core/Src/Ext_IO.o
 .debug_info    0x000011e7      0x56c ./Core/Src/Fan.o
 .debug_info    0x00001753      0x2c5 ./Core/Src/Mesaure.o
 .debug_info    0x00001a18     0x114c ./Core/Src/Parameter.o
 .debug_info    0x00002b64     0x1d72 ./Core/Src/Process.o
 .debug_info    0x000048d6      0x5d8 ./Core/Src/Uart.o
 .debug_info    0x00004eae     0x26c6 ./Core/Src/main.o
 .debug_info    0x00007574     0x19eb ./Core/Src/stm32l4xx_hal_msp.o
 .debug_info    0x00008f5f      0xf74 ./Core/Src/stm32l4xx_it.o
 .debug_info    0x00009ed3      0x5bf ./Core/Src/system_stm32l4xx.o
 .debug_info    0x0000a492       0x30 ./Core/Startup/startup_stm32l412kbux.o
 .debug_info    0x0000a4c2      0x984 ./Drivers/STM32L4xx_HAL_Driver/Src/stm32l4xx_hal.o
 .debug_info    0x0000ae46     0x1df2 ./Drivers/STM32L4xx_HAL_Driver/Src/stm32l4xx_hal_adc.o
 .debug_info    0x0000cc38     0x1b5a ./Drivers/STM32L4xx_HAL_Driver/Src/stm32l4xx_hal_adc_ex.o
 .debug_info    0x0000e792      0xceb ./Drivers/STM32L4xx_HAL_Driver/Src/stm32l4xx_hal_cortex.o
 .debug_info    0x0000f47d      0x6f4 ./Drivers/STM32L4xx_HAL_Driver/Src/stm32l4xx_hal_dma.o
 .debug_info    0x0000fb71      0x757 ./Drivers/STM32L4xx_HAL_Driver/Src/stm32l4xx_hal_gpio.o
 .debug_info    0x000102c8     0x20d2 ./Drivers/STM32L4xx_HAL_Driver/Src/stm32l4xx_hal_i2c.o
 .debug_info    0x0001239a      0x981 ./Drivers/STM32L4xx_HAL_Driver/Src/stm32l4xx_hal_i2c_ex.o
 .debug_info    0x00012d1b      0x968 ./Drivers/STM32L4xx_HAL_Driver/Src/stm32l4xx_hal_pwr_ex.o
 .debug_info    0x00013683      0xbe0 ./Drivers/STM32L4xx_HAL_Driver/Src/stm32l4xx_hal_rcc.o
 .debug_info    0x00014263      0xce4 ./Drivers/STM32L4xx_HAL_Driver/Src/stm32l4xx_hal_rcc_ex.o
 .debug_info    0x00014f47     0x2a9a ./Drivers/STM32L4xx_HAL_Driver/Src/stm32l4xx_hal_tim.o
 .debug_info    0x000179e1     0x169e ./Drivers/STM32L4xx_HAL_Driver/Src/stm32l4xx_hal_tim_ex.o
 .debug_info    0x0001907f     0x3b77 ./Drivers/STM32L4xx_HAL_Driver/Src/stm32l4xx_hal_uart.o
 .debug_info    0x0001cbf6      0xdff ./Drivers/STM32L4xx_HAL_Driver/Src/stm32l4xx_hal_uart_ex.o

.debug_abbrev   0x00000000     0x3e14
 .debug_abbrev  0x00000000      0x1e7 ./Core/Src/24LC16B.o
 .debug_abbrev  0x000001e7       0xd0 ./Core/Src/Config.o
 .debug_abbrev  0x000002b7      0x1d4 ./Core/Src/Ext_IO.o
 .debug_abbrev  0x0000048b      0x1ef ./Core/Src/Fan.o
 .debug_abbrev  0x0000067a       0xda ./Core/Src/Mesaure.o
 .debug_abbrev  0x00000754      0x2d1 ./Core/Src/Parameter.o
 .debug_abbrev  0x00000a25      0x3d0 ./Core/Src/Process.o
 .debug_abbrev  0x00000df5      0x238 ./Core/Src/Uart.o
 .debug_abbrev  0x0000102d      0x3b5 ./Core/Src/main.o
 .debug_abbrev  0x000013e2      0x250 ./Core/Src/stm32l4xx_hal_msp.o
 .debug_abbrev  0x00001632      0x1c9 ./Core/Src/stm32l4xx_it.o
 .debug_abbrev  0x000017fb      0x11a ./Core/Src/system_stm32l4xx.o
 .debug_abbrev  0x00001915       0x24 ./Core/Startup/startup_stm32l412kbux.o
 .debug_abbrev  0x00001939      0x256 ./Drivers/STM32L4xx_HAL_Driver/Src/stm32l4xx_hal.o
 .debug_abbrev  0x00001b8f      0x2e0 ./Drivers/STM32L4xx_HAL_Driver/Src/stm32l4xx_hal_adc.o
 .debug_abbrev  0x00001e6f      0x2f1 ./Drivers/STM32L4xx_HAL_Driver/Src/stm32l4xx_hal_adc_ex.o
 .debug_abbrev  0x00002160      0x31c ./Drivers/STM32L4xx_HAL_Driver/Src/stm32l4xx_hal_cortex.o
 .debug_abbrev  0x0000247c      0x1e4 ./Drivers/STM32L4xx_HAL_Driver/Src/stm32l4xx_hal_dma.o
 .debug_abbrev  0x00002660      0x1cb ./Drivers/STM32L4xx_HAL_Driver/Src/stm32l4xx_hal_gpio.o
 .debug_abbrev  0x0000282b      0x261 ./Drivers/STM32L4xx_HAL_Driver/Src/stm32l4xx_hal_i2c.o
 .debug_abbrev  0x00002a8c      0x1c3 ./Drivers/STM32L4xx_HAL_Driver/Src/stm32l4xx_hal_i2c_ex.o
 .debug_abbrev  0x00002c4f      0x1f9 ./Drivers/STM32L4xx_HAL_Driver/Src/stm32l4xx_hal_pwr_ex.o
 .debug_abbrev  0x00002e48      0x2d6 ./Drivers/STM32L4xx_HAL_Driver/Src/stm32l4xx_hal_rcc.o
 .debug_abbrev  0x0000311e      0x26d ./Drivers/STM32L4xx_HAL_Driver/Src/stm32l4xx_hal_rcc_ex.o
 .debug_abbrev  0x0000338b      0x278 ./Drivers/STM32L4xx_HAL_Driver/Src/stm32l4xx_hal_tim.o
 .debug_abbrev  0x00003603      0x283 ./Drivers/STM32L4xx_HAL_Driver/Src/stm32l4xx_hal_tim_ex.o
 .debug_abbrev  0x00003886      0x2d0 ./Drivers/STM32L4xx_HAL_Driver/Src/stm32l4xx_hal_uart.o
 .debug_abbrev  0x00003b56      0x2be ./Drivers/STM32L4xx_HAL_Driver/Src/stm32l4xx_hal_uart_ex.o

.debug_aranges  0x00000000     0x1a80
 .debug_aranges
                0x00000000       0x70 ./Core/Src/24LC16B.o
 .debug_aranges
                0x00000070       0x20 ./Core/Src/Config.o
 .debug_aranges
                0x00000090       0x68 ./Core/Src/Ext_IO.o
 .debug_aranges
                0x000000f8       0x48 ./Core/Src/Fan.o
 .debug_aranges
                0x00000140       0x48 ./Core/Src/Mesaure.o
 .debug_aranges
                0x00000188      0x160 ./Core/Src/Parameter.o
 .debug_aranges
                0x000002e8       0xf0 ./Core/Src/Process.o
 .debug_aranges
                0x000003d8       0x60 ./Core/Src/Uart.o
 .debug_aranges
                0x00000438       0x90 ./Core/Src/main.o
 .debug_aranges
                0x000004c8       0x60 ./Core/Src/stm32l4xx_hal_msp.o
 .debug_aranges
                0x00000528       0x90 ./Core/Src/stm32l4xx_it.o
 .debug_aranges
                0x000005b8       0x28 ./Core/Src/system_stm32l4xx.o
 .debug_aranges
                0x000005e0       0x28 ./Core/Startup/startup_stm32l412kbux.o
 .debug_aranges
                0x00000608      0x108 ./Drivers/STM32L4xx_HAL_Driver/Src/stm32l4xx_hal.o
 .debug_aranges
                0x00000710      0x228 ./Drivers/STM32L4xx_HAL_Driver/Src/stm32l4xx_hal_adc.o
 .debug_aranges
                0x00000938      0x1b0 ./Drivers/STM32L4xx_HAL_Driver/Src/stm32l4xx_hal_adc_ex.o
 .debug_aranges
                0x00000ae8      0x128 ./Drivers/STM32L4xx_HAL_Driver/Src/stm32l4xx_hal_cortex.o
 .debug_aranges
                0x00000c10       0x80 ./Drivers/STM32L4xx_HAL_Driver/Src/stm32l4xx_hal_dma.o
 .debug_aranges
                0x00000c90       0x58 ./Drivers/STM32L4xx_HAL_Driver/Src/stm32l4xx_hal_gpio.o
 .debug_aranges
                0x00000ce8      0x2a0 ./Drivers/STM32L4xx_HAL_Driver/Src/stm32l4xx_hal_i2c.o
 .debug_aranges
                0x00000f88       0x48 ./Drivers/STM32L4xx_HAL_Driver/Src/stm32l4xx_hal_i2c_ex.o
 .debug_aranges
                0x00000fd0      0x148 ./Drivers/STM32L4xx_HAL_Driver/Src/stm32l4xx_hal_pwr_ex.o
 .debug_aranges
                0x00001118       0x90 ./Drivers/STM32L4xx_HAL_Driver/Src/stm32l4xx_hal_rcc.o
 .debug_aranges
                0x000011a8       0xd0 ./Drivers/STM32L4xx_HAL_Driver/Src/stm32l4xx_hal_rcc_ex.o
 .debug_aranges
                0x00001278      0x3e0 ./Drivers/STM32L4xx_HAL_Driver/Src/stm32l4xx_hal_tim.o
 .debug_aranges
                0x00001658      0x180 ./Drivers/STM32L4xx_HAL_Driver/Src/stm32l4xx_hal_tim_ex.o
 .debug_aranges
                0x000017d8      0x228 ./Drivers/STM32L4xx_HAL_Driver/Src/stm32l4xx_hal_uart.o
 .debug_aranges
                0x00001a00       0x80 ./Drivers/STM32L4xx_HAL_Driver/Src/stm32l4xx_hal_uart_ex.o

.debug_rnglists
                0x00000000     0x14a9
 .debug_rnglists
                0x00000000       0x52 ./Core/Src/24LC16B.o
 .debug_rnglists
                0x00000052       0x13 ./Core/Src/Config.o
 .debug_rnglists
                0x00000065       0x4e ./Core/Src/Ext_IO.o
 .debug_rnglists
                0x000000b3       0x32 ./Core/Src/Fan.o
 .debug_rnglists
                0x000000e5       0x36 ./Core/Src/Mesaure.o
 .debug_rnglists
                0x0000011b      0x109 ./Core/Src/Parameter.o
 .debug_rnglists
                0x00000224       0xc0 ./Core/Src/Process.o
 .debug_rnglists
                0x000002e4       0x48 ./Core/Src/Uart.o
 .debug_rnglists
                0x0000032c       0x6d ./Core/Src/main.o
 .debug_rnglists
                0x00000399       0x46 ./Core/Src/stm32l4xx_hal_msp.o
 .debug_rnglists
                0x000003df       0x67 ./Core/Src/stm32l4xx_it.o
 .debug_rnglists
                0x00000446       0x1a ./Core/Src/system_stm32l4xx.o
 .debug_rnglists
                0x00000460       0x19 ./Core/Startup/startup_stm32l412kbux.o
 .debug_rnglists
                0x00000479       0xc1 ./Drivers/STM32L4xx_HAL_Driver/Src/stm32l4xx_hal.o
 .debug_rnglists
                0x0000053a      0x1a8 ./Drivers/STM32L4xx_HAL_Driver/Src/stm32l4xx_hal_adc.o
 .debug_rnglists
                0x000006e2      0x14e ./Drivers/STM32L4xx_HAL_Driver/Src/stm32l4xx_hal_adc_ex.o
 .debug_rnglists
                0x00000830       0xda ./Drivers/STM32L4xx_HAL_Driver/Src/stm32l4xx_hal_cortex.o
 .debug_rnglists
                0x0000090a       0x64 ./Drivers/STM32L4xx_HAL_Driver/Src/stm32l4xx_hal_dma.o
 .debug_rnglists
                0x0000096e       0x3f ./Drivers/STM32L4xx_HAL_Driver/Src/stm32l4xx_hal_gpio.o
 .debug_rnglists
                0x000009ad      0x228 ./Drivers/STM32L4xx_HAL_Driver/Src/stm32l4xx_hal_i2c.o
 .debug_rnglists
                0x00000bd5       0x35 ./Drivers/STM32L4xx_HAL_Driver/Src/stm32l4xx_hal_i2c_ex.o
 .debug_rnglists
                0x00000c0a       0xf7 ./Drivers/STM32L4xx_HAL_Driver/Src/stm32l4xx_hal_pwr_ex.o
 .debug_rnglists
                0x00000d01       0x6d ./Drivers/STM32L4xx_HAL_Driver/Src/stm32l4xx_hal_rcc.o
 .debug_rnglists
                0x00000d6e       0x9f ./Drivers/STM32L4xx_HAL_Driver/Src/stm32l4xx_hal_rcc_ex.o
 .debug_rnglists
                0x00000e0d      0x328 ./Drivers/STM32L4xx_HAL_Driver/Src/stm32l4xx_hal_tim.o
 .debug_rnglists
                0x00001135      0x139 ./Drivers/STM32L4xx_HAL_Driver/Src/stm32l4xx_hal_tim_ex.o
 .debug_rnglists
                0x0000126e      0x1db ./Drivers/STM32L4xx_HAL_Driver/Src/stm32l4xx_hal_uart.o
 .debug_rnglists
                0x00001449       0x60 ./Drivers/STM32L4xx_HAL_Driver/Src/stm32l4xx_hal_uart_ex.o

.debug_macro    0x00000000    0x1f422
 .debug_macro   0x00000000      0x304 ./Core/Src/24LC16B.o
 .debug_macro   0x00000304      0xad8 ./Core/Src/24LC16B.o
 .debug_macro   0x00000ddc       0x22 ./Core/Src/24LC16B.o
 .debug_macro   0x00000dfe       0x5b ./Core/Src/24LC16B.o
 .debug_macro   0x00000e59       0x2a ./Core/Src/24LC16B.o
 .debug_macro   0x00000e83       0x94 ./Core/Src/24LC16B.o
 .debug_macro   0x00000f17       0x43 ./Core/Src/24LC16B.o
 .debug_macro   0x00000f5a       0x34 ./Core/Src/24LC16B.o
 .debug_macro   0x00000f8e       0x16 ./Core/Src/24LC16B.o
 .debug_macro   0x00000fa4       0x57 ./Core/Src/24LC16B.o
 .debug_macro   0x00000ffb       0x9e ./Core/Src/24LC16B.o
 .debug_macro   0x00001099      0x370 ./Core/Src/24LC16B.o
 .debug_macro   0x00001409      0x112 ./Core/Src/24LC16B.o
 .debug_macro   0x0000151b       0x10 ./Core/Src/24LC16B.o
 .debug_macro   0x0000152b       0x16 ./Core/Src/24LC16B.o
 .debug_macro   0x00001541       0x4a ./Core/Src/24LC16B.o
 .debug_macro   0x0000158b       0x34 ./Core/Src/24LC16B.o
 .debug_macro   0x000015bf       0x10 ./Core/Src/24LC16B.o
 .debug_macro   0x000015cf       0x58 ./Core/Src/24LC16B.o
 .debug_macro   0x00001627       0x8e ./Core/Src/24LC16B.o
 .debug_macro   0x000016b5       0x1c ./Core/Src/24LC16B.o
 .debug_macro   0x000016d1      0x185 ./Core/Src/24LC16B.o
 .debug_macro   0x00001856       0x16 ./Core/Src/24LC16B.o
 .debug_macro   0x0000186c       0x16 ./Core/Src/24LC16B.o
 .debug_macro   0x00001882      0x146 ./Core/Src/24LC16B.o
 .debug_macro   0x000019c8      0x103 ./Core/Src/24LC16B.o
 .debug_macro   0x00001acb       0x6a ./Core/Src/24LC16B.o
 .debug_macro   0x00001b35      0x1df ./Core/Src/24LC16B.o
 .debug_macro   0x00001d14       0x22 ./Core/Src/24LC16B.o
 .debug_macro   0x00001d36      0x3f2 ./Core/Src/24LC16B.o
 .debug_macro   0x00002128       0x2e ./Core/Src/24LC16B.o
 .debug_macro   0x00002156       0x28 ./Core/Src/24LC16B.o
 .debug_macro   0x0000217e       0x1c ./Core/Src/24LC16B.o
 .debug_macro   0x0000219a       0x22 ./Core/Src/24LC16B.o
 .debug_macro   0x000021bc       0xfb ./Core/Src/24LC16B.o
 .debug_macro   0x000022b7     0x1011 ./Core/Src/24LC16B.o
 .debug_macro   0x000032c8      0x11f ./Core/Src/24LC16B.o
 .debug_macro   0x000033e7     0xe4b1 ./Core/Src/24LC16B.o
 .debug_macro   0x00011898       0x6d ./Core/Src/24LC16B.o
 .debug_macro   0x00011905      0x1b3 ./Core/Src/24LC16B.o
 .debug_macro   0x00011ab8     0x38f4 ./Core/Src/24LC16B.o
 .debug_macro   0x000153ac       0x56 ./Core/Src/24LC16B.o
 .debug_macro   0x00015402     0x105e ./Core/Src/24LC16B.o
 .debug_macro   0x00016460      0x49b ./Core/Src/24LC16B.o
 .debug_macro   0x000168fb      0x1b9 ./Core/Src/24LC16B.o
 .debug_macro   0x00016ab4       0xd7 ./Core/Src/24LC16B.o
 .debug_macro   0x00016b8b      0x26b ./Core/Src/24LC16B.o
 .debug_macro   0x00016df6      0x23d ./Core/Src/24LC16B.o
 .debug_macro   0x00017033      0xf67 ./Core/Src/24LC16B.o
 .debug_macro   0x00017f9a      0x62b ./Core/Src/24LC16B.o
 .debug_macro   0x000185c5      0x30c ./Core/Src/24LC16B.o
 .debug_macro   0x000188d1      0x21c ./Core/Src/24LC16B.o
 .debug_macro   0x00018aed      0x375 ./Core/Src/24LC16B.o
 .debug_macro   0x00018e62       0xd6 ./Core/Src/24LC16B.o
 .debug_macro   0x00018f38      0x22c ./Core/Src/24LC16B.o
 .debug_macro   0x00019164       0x61 ./Core/Src/24LC16B.o
 .debug_macro   0x000191c5       0xa5 ./Core/Src/24LC16B.o
 .debug_macro   0x0001926a      0x122 ./Core/Src/24LC16B.o
 .debug_macro   0x0001938c      0x364 ./Core/Src/24LC16B.o
 .debug_macro   0x000196f0      0xa98 ./Core/Src/24LC16B.o
 .debug_macro   0x0001a188      0x113 ./Core/Src/24LC16B.o
 .debug_macro   0x0001a29b      0x5cf ./Core/Src/24LC16B.o
 .debug_macro   0x0001a86a       0x44 ./Core/Src/24LC16B.o
 .debug_macro   0x0001a8ae      0x220 ./Core/Src/24LC16B.o
 .debug_macro   0x0001aace       0x1c ./Core/Src/24LC16B.o
 .debug_macro   0x0001aaea      0x17e ./Core/Src/Config.o
 .debug_macro   0x0001ac68      0x190 ./Core/Src/Config.o
 .debug_macro   0x0001adf8       0x10 ./Core/Src/Config.o
 .debug_macro   0x0001ae08       0x3c ./Core/Src/Config.o
 .debug_macro   0x0001ae44       0x20 ./Core/Src/Config.o
 .debug_macro   0x0001ae64       0x1c ./Core/Src/Config.o
 .debug_macro   0x0001ae80       0x1c ./Core/Src/Config.o
 .debug_macro   0x0001ae9c      0x366 ./Core/Src/Ext_IO.o
 .debug_macro   0x0001b202       0x64 ./Core/Src/Ext_IO.o
 .debug_macro   0x0001b266       0x16 ./Core/Src/Ext_IO.o
 .debug_macro   0x0001b27c      0x342 ./Core/Src/Fan.o
 .debug_macro   0x0001b5be       0x1c ./Core/Src/Fan.o
 .debug_macro   0x0001b5da      0x341 ./Core/Src/Mesaure.o
 .debug_macro   0x0001b91b      0x19b ./Core/Src/Mesaure.o
 .debug_macro   0x0001bab6      0x347 ./Core/Src/Parameter.o
 .debug_macro   0x0001bdfd       0x8e ./Core/Src/Parameter.o
 .debug_macro   0x0001be8b       0x51 ./Core/Src/Parameter.o
 .debug_macro   0x0001bedc       0x5c ./Core/Src/Parameter.o
 .debug_macro   0x0001bf38       0x61 ./Core/Src/Parameter.o
 .debug_macro   0x0001bf99      0x5c2 ./Core/Src/Process.o
 .debug_macro   0x0001c55b       0x82 ./Core/Src/Process.o
 .debug_macro   0x0001c5dd       0x94 ./Core/Src/Process.o
 .debug_macro   0x0001c671      0x44f ./Core/Src/Uart.o
 .debug_macro   0x0001cac0      0x388 ./Core/Src/main.o
 .debug_macro   0x0001ce48      0x20a ./Core/Src/stm32l4xx_hal_msp.o
 .debug_macro   0x0001d052      0x214 ./Core/Src/stm32l4xx_it.o
 .debug_macro   0x0001d266      0x1fb ./Core/Src/system_stm32l4xx.o
 .debug_macro   0x0001d461      0x243 ./Drivers/STM32L4xx_HAL_Driver/Src/stm32l4xx_hal.o
 .debug_macro   0x0001d6a4      0x218 ./Drivers/STM32L4xx_HAL_Driver/Src/stm32l4xx_hal_adc.o
 .debug_macro   0x0001d8bc      0x207 ./Drivers/STM32L4xx_HAL_Driver/Src/stm32l4xx_hal_adc_ex.o
 .debug_macro   0x0001dac3      0x1fb ./Drivers/STM32L4xx_HAL_Driver/Src/stm32l4xx_hal_cortex.o
 .debug_macro   0x0001dcbe      0x1fb ./Drivers/STM32L4xx_HAL_Driver/Src/stm32l4xx_hal_dma.o
 .debug_macro   0x0001deb9      0x202 ./Drivers/STM32L4xx_HAL_Driver/Src/stm32l4xx_hal_gpio.o
 .debug_macro   0x0001e0bb      0x2c7 ./Drivers/STM32L4xx_HAL_Driver/Src/stm32l4xx_hal_i2c.o
 .debug_macro   0x0001e382      0x1fb ./Drivers/STM32L4xx_HAL_Driver/Src/stm32l4xx_hal_i2c_ex.o
 .debug_macro   0x0001e57d      0x21f ./Drivers/STM32L4xx_HAL_Driver/Src/stm32l4xx_hal_pwr_ex.o
 .debug_macro   0x0001e79c      0x23d ./Drivers/STM32L4xx_HAL_Driver/Src/stm32l4xx_hal_rcc.o
 .debug_macro   0x0001e9d9      0x231 ./Drivers/STM32L4xx_HAL_Driver/Src/stm32l4xx_hal_rcc_ex.o
 .debug_macro   0x0001ec0a      0x1fc ./Drivers/STM32L4xx_HAL_Driver/Src/stm32l4xx_hal_tim.o
 .debug_macro   0x0001ee06      0x1fb ./Drivers/STM32L4xx_HAL_Driver/Src/stm32l4xx_hal_tim_ex.o
 .debug_macro   0x0001f001      0x226 ./Drivers/STM32L4xx_HAL_Driver/Src/stm32l4xx_hal_uart.o
 .debug_macro   0x0001f227      0x1fb ./Drivers/STM32L4xx_HAL_Driver/Src/stm32l4xx_hal_uart_ex.o

.debug_line     0x00000000    0x20e7d
 .debug_line    0x00000000      0xc4b ./Core/Src/24LC16B.o
 .debug_line    0x00000c4b      0x5ca ./Core/Src/Config.o
 .debug_line    0x00001215      0xc9c ./Core/Src/Ext_IO.o
 .debug_line    0x00001eb1      0xa6a ./Core/Src/Fan.o
 .debug_line    0x0000291b      0xbad ./Core/Src/Mesaure.o
 .debug_line    0x000034c8     0x12b5 ./Core/Src/Parameter.o
 .debug_line    0x0000477d     0x21c8 ./Core/Src/Process.o
 .debug_line    0x00006945      0xf51 ./Core/Src/Uart.o
 .debug_line    0x00007896      0xd92 ./Core/Src/main.o
 .debug_line    0x00008628      0x965 ./Core/Src/stm32l4xx_hal_msp.o
 .debug_line    0x00008f8d      0x8fe ./Core/Src/stm32l4xx_it.o
 .debug_line    0x0000988b      0x85d ./Core/Src/system_stm32l4xx.o
 .debug_line    0x0000a0e8       0x7a ./Core/Startup/startup_stm32l412kbux.o
 .debug_line    0x0000a162      0xb2a ./Drivers/STM32L4xx_HAL_Driver/Src/stm32l4xx_hal.o
 .debug_line    0x0000ac8c     0x1fb1 ./Drivers/STM32L4xx_HAL_Driver/Src/stm32l4xx_hal_adc.o
 .debug_line    0x0000cc3d     0x19af ./Drivers/STM32L4xx_HAL_Driver/Src/stm32l4xx_hal_adc_ex.o
 .debug_line    0x0000e5ec      0xd60 ./Drivers/STM32L4xx_HAL_Driver/Src/stm32l4xx_hal_cortex.o
 .debug_line    0x0000f34c      0xd9f ./Drivers/STM32L4xx_HAL_Driver/Src/stm32l4xx_hal_dma.o
 .debug_line    0x000100eb      0xbb0 ./Drivers/STM32L4xx_HAL_Driver/Src/stm32l4xx_hal_gpio.o
 .debug_line    0x00010c9b     0x37c6 ./Drivers/STM32L4xx_HAL_Driver/Src/stm32l4xx_hal_i2c.o
 .debug_line    0x00014461      0x925 ./Drivers/STM32L4xx_HAL_Driver/Src/stm32l4xx_hal_i2c_ex.o
 .debug_line    0x00014d86      0xd18 ./Drivers/STM32L4xx_HAL_Driver/Src/stm32l4xx_hal_pwr_ex.o
 .debug_line    0x00015a9e     0x11b9 ./Drivers/STM32L4xx_HAL_Driver/Src/stm32l4xx_hal_rcc.o
 .debug_line    0x00016c57     0x10ac ./Drivers/STM32L4xx_HAL_Driver/Src/stm32l4xx_hal_rcc_ex.o
 .debug_line    0x00017d03     0x3c81 ./Drivers/STM32L4xx_HAL_Driver/Src/stm32l4xx_hal_tim.o
 .debug_line    0x0001b984     0x1b07 ./Drivers/STM32L4xx_HAL_Driver/Src/stm32l4xx_hal_tim_ex.o
 .debug_line    0x0001d48b     0x2d96 ./Drivers/STM32L4xx_HAL_Driver/Src/stm32l4xx_hal_uart.o
 .debug_line    0x00020221      0xc5c ./Drivers/STM32L4xx_HAL_Driver/Src/stm32l4xx_hal_uart_ex.o

.debug_str      0x00000000    0xc241b
 .debug_str     0x00000000    0xc241b ./Core/Src/24LC16B.o
                              0xb9494 (size before relaxing)
 .debug_str     0x000c241b     0x8b5d ./Core/Src/Config.o
 .debug_str     0x000c241b    0xb91a6 ./Core/Src/Ext_IO.o
 .debug_str     0x000c241b    0xb93a8 ./Core/Src/Fan.o
 .debug_str     0x000c241b    0xb978a ./Core/Src/Mesaure.o
 .debug_str     0x000c241b    0xb99b6 ./Core/Src/Parameter.o
 .debug_str     0x000c241b    0xbb55e ./Core/Src/Process.o
 .debug_str     0x000c241b    0xb98cf ./Core/Src/Uart.o
 .debug_str     0x000c241b    0xbaf1c ./Core/Src/main.o
 .debug_str     0x000c241b    0xb5aff ./Core/Src/stm32l4xx_hal_msp.o
 .debug_str     0x000c241b    0xb5261 ./Core/Src/stm32l4xx_it.o
 .debug_str     0x000c241b    0xb46db ./Core/Src/system_stm32l4xx.o
 .debug_str     0x000c241b       0xb6 ./Core/Startup/startup_stm32l412kbux.o
 .debug_str     0x000c241b    0xb5035 ./Drivers/STM32L4xx_HAL_Driver/Src/stm32l4xx_hal.o
 .debug_str     0x000c241b    0xb555d ./Drivers/STM32L4xx_HAL_Driver/Src/stm32l4xx_hal_adc.o
 .debug_str     0x000c241b    0xb5506 ./Drivers/STM32L4xx_HAL_Driver/Src/stm32l4xx_hal_adc_ex.o
 .debug_str     0x000c241b    0xb4e0a ./Drivers/STM32L4xx_HAL_Driver/Src/stm32l4xx_hal_cortex.o
 .debug_str     0x000c241b    0xb4944 ./Drivers/STM32L4xx_HAL_Driver/Src/stm32l4xx_hal_dma.o
 .debug_str     0x000c241b    0xb484f ./Drivers/STM32L4xx_HAL_Driver/Src/stm32l4xx_hal_gpio.o
 .debug_str     0x000c241b    0xb58db ./Drivers/STM32L4xx_HAL_Driver/Src/stm32l4xx_hal_i2c.o
 .debug_str     0x000c241b    0xb4be8 ./Drivers/STM32L4xx_HAL_Driver/Src/stm32l4xx_hal_i2c_ex.o
 .debug_str     0x000c241b    0xb4bf7 ./Drivers/STM32L4xx_HAL_Driver/Src/stm32l4xx_hal_pwr_ex.o
 .debug_str     0x000c241b    0xb4ce7 ./Drivers/STM32L4xx_HAL_Driver/Src/stm32l4xx_hal_rcc.o
 .debug_str     0x000c241b    0xb4e2e ./Drivers/STM32L4xx_HAL_Driver/Src/stm32l4xx_hal_rcc_ex.o
 .debug_str     0x000c241b    0xb5a1a ./Drivers/STM32L4xx_HAL_Driver/Src/stm32l4xx_hal_tim.o
 .debug_str     0x000c241b    0xb532e ./Drivers/STM32L4xx_HAL_Driver/Src/stm32l4xx_hal_tim_ex.o
 .debug_str     0x000c241b    0xb5433 ./Drivers/STM32L4xx_HAL_Driver/Src/stm32l4xx_hal_uart.o
 .debug_str     0x000c241b    0xb4c5e ./Drivers/STM32L4xx_HAL_Driver/Src/stm32l4xx_hal_uart_ex.o

.comment        0x00000000       0x43
 .comment       0x00000000       0x43 ./Core/Src/24LC16B.o
                                 0x44 (size before relaxing)
 .comment       0x00000043       0x44 ./Core/Src/Config.o