../Core/Src/main.c:88:6:HAL_GPIO_EXTI_Callback	16	static
../Core/Src/main.c:96:6:HAL_UARTEx_RxEventCallback	16	static
../Core/Src/main.c:141:6:HAL_ADC_ConvCpltCallback	16	static
../Core/Src/main.c:165:6:UART_Transmit_Proc	16	static
../Core/Src/main.c:174:6:HAL_TIM_PeriodElapsedCallback	16	static
../Core/Src/main.c:188:5:main	8	static
../Core/Src/main.c:263:6:SystemClock_Config	96	static
../Core/Src/main.c:311:13:MX_ADC1_Init	48	static
../Core/Src/main.c:417:13:MX_I2C1_Init	8	static
../Core/Src/main.c:465:13:MX_TIM2_Init	40	static
../Core/Src/main.c:510:13:MX_USART1_UART_Init	8	static
../Core/Src/main.c:543:13:MX_DMA_Init	16	static
../Core/Src/main.c:564:13:MX_GPIO_Init	40	static
../Core/Src/main.c:613:7:JumpToBootloader	16	static,ignoring_inline_asm
../Core/Src/main.c:641:6:Error_Handler	4	static,ignoring_inline_asm
