../Core/Src/main.c:91:6:HAL_GPIO_EXTI_Callback	16	static
../Core/Src/main.c:99:6:HAL_UARTEx_RxEventCallback	16	static
../Core/Src/main.c:144:6:HAL_ADC_ConvCpltCallback	16	static
../Core/Src/main.c:168:6:UART_Transmit_Proc	16	static
../Core/Src/main.c:177:6:HAL_TIM_PeriodElapsedCallback	16	static
../Core/Src/main.c:191:5:main	8	static
../Core/Src/main.c:268:6:SystemClock_Config	96	static
../Core/Src/main.c:316:13:MX_ADC1_Init	48	static
../Core/Src/main.c:422:13:MX_I2C1_Init	8	static
../Core/Src/main.c:470:13:MX_TIM2_Init	40	static
../Core/Src/main.c:515:13:MX_USART1_UART_Init	8	static
../Core/Src/main.c:548:13:MX_DMA_Init	16	static
../Core/Src/main.c:569:13:MX_GPIO_Init	40	static
../Core/Src/main.c:618:7:JumpToBootloader	16	static,ignoring_inline_asm
../Core/Src/main.c:646:6:Error_Handler	4	static,ignoring_inline_asm
