../Core/Src/Process.c:208:6:PROC_Init	8	static
../Core/Src/Process.c:218:6:WaitTime_Init	4	static
../Core/Src/Process.c:230:9:WaitHoldTime_Sec	24	static
../Core/Src/Process.c:249:9:WaitHoldTime_mSec	24	static
../Core/Src/Process.c:269:10:DeviceSetState	24	static
../Core/Src/Process.c:280:9:MCU_AlarmTempMonitor	32	static
../Core/Src/Process.c:312:6:ReadMeasuredVal	32	static
../Core/Src/Process.c:433:9:FanCleanCtrl	24	static
../Core/Src/Process.c:474:6:Measure_Start	8	static
../Core/Src/Process.c:482:6:Measure_Stop	8	static
../Core/Src/Process.c:490:6:AssmTxMsg_GetBoundaryVolt	16	static
../Core/Src/Process.c:525:6:SetBoundaryVolt	16	static
../Core/Src/Process.c:564:6:AssmTxMsg_GetAdjustCal	24	static
../Core/Src/Process.c:583:6:SetAdjustCal	24	static
../Core/Src/Process.c:611:6:AssmTxMsg_DeviceInfo	24	static
../Core/Src/Process.c:642:6:DeviceInfo	24	static
../Core/Src/Process.c:662:6:DeviceFirmwareVer	16	static
../Core/Src/Process.c:674:6:RspAssamblyTxMsg	32	static
../Core/Src/Process.c:841:6:Manual_GetAdcMsg	16	static
../Core/Src/Process.c:925:6:PostMessage_Proc	8	static,ignoring_inline_asm
../Core/Src/Process.c:1127:6:Operating_Process	8	static
../Core/Src/Process.c:1152:6:RngOfPdAdcSamplingVal	24	static
../Core/Src/Process.c:1228:6:RngOfSiPmAdcSamplingVal	16	static
../Core/Src/Process.c:1252:6:Built_In_Test_Proc	16	static
../Core/Src/Process.c:1712:6:SYSTEM_SEQ	8	static
../Core/Src/Process.c:1841:6:SYSTEM_Process	8	static
../Core/Src/Process.c:1850:6:SystemTimeCtrl	8	static
